Renesas Optimizing Linker (V3.07.00 )             21-Jan-2025 15:11:06

*** Options ***

-subcommand=DefaultBuild\MOD_FW_1.clnk
-Input=DefaultBuild\cstart.obj
-Input=DefaultBuild\stkinit.obj
-Input=DefaultBuild\r_cg_main.obj
-Input=DefaultBuild\r_cg_systeminit.obj
-Input=DefaultBuild\r_cg_cgc.obj
-Input=DefaultBuild\r_cg_cgc_user.obj
-Input=DefaultBuild\r_cg_port.obj
-Input=DefaultBuild\r_cg_port_user.obj
-Input=DefaultBuild\r_cg_tau.obj
-Input=DefaultBuild\r_cg_tau_user.obj
-Input=DefaultBuild\r_cg_sau.obj
-Input=DefaultBuild\r_cg_sau_user.obj
-Input=DefaultBuild\r_cg_wdt.obj
-Input=DefaultBuild\r_cg_wdt_user.obj
-Input=DefaultBuild\quecktel.obj
-Input=DefaultBuild\quecktel_users.obj
-SECURITY_ID=00000000000000000000
-DEVICE=C:\Program Files (x86)\Renesas Electronics\CS+\CC\Device\RL78\Devicefile\DR5F11TLG.DVF
-DEBug
-NOCOmpress
-NOOPtimize
-OUtput=DefaultBuild\MOD_FW_1.abs
-OCDBG=84
-DEBUG_MONITOR=1FE00-1FFFF
-USER_OPT_BYTE=FFFFE0
-LISt=DefaultBuild\MOD_FW_1.map
-SHow=SYmbol,Total_size
-AUTO_SECTION_LAYOUT
-ROm=.data=.dataR
-ROm=.sdata=.sdataR
-NOMessage
-STACk
-Total_size
-NOLOgo
-LIBrary=DefaultBuild\MOD_FW_1.lib
-end

*** Error information ***

*** Mapping List ***

SECTION                            START      END         SIZE   ALIGN
.vect
                                  00000000  0000007f        80   0
.constf
                                  00000080  00000093        14   2
.init_array
                                  00000094  00000094         0   2
.sdata
                                  00000080  00000080         0   2
.option_byte
                                  000000c0  000000c3         4   1
.security_id
                                  000000c4  000000cd         a   1
.RLIB
                                  000000c4  000000c4         0   1
.monitor1
                                  000000ce  000000d7         a   1
.data
                                  000000d8  00000221       14a   2
.text
                                  00000222  000004d5       2b4   1
.textf
                                  000004d6  00000e8f       9ba   1
.const
                                  00002000  00002850       851   2
.SLIB
                                  00002851  0000503c      27ec   1
.monitor2
                                  0001fe00  0001ffff       200   1
.bss
                                  000fdf00  000fe7db       8dc   2
.dataR
                                  000fe7dc  000fe925       14a   2
.sbss
                                  000ffe20  000ffe20         0   2
.sdataR
                                  000ffe20  000ffe20         0   2

*** Total Section Size ***

RAMDATA SECTION:  00000a26 Byte(s)
ROMDATA SECTION:  00000c47 Byte(s)
PROGRAM SECTION:  0000345a Byte(s)

*** Symbol List ***

SECTION=
FILE=                               START        END    SIZE
  SYMBOL                            ADDR        SIZE    INFO      COUNTS  OPT

SECTION=.vect
FILE=rlink_generates_04
                                  00000000  0000007f        80

SECTION=.constf
FILE=_REL_print
                                  00000080  00000093        14

SECTION=.option_byte
FILE=rlink_generates_01
                                  000000c0  000000c3         4

SECTION=.security_id
FILE=rlink_generates_03
                                  000000c4  000000cd         a

SECTION=.monitor1
FILE=rlink_generates_02
                                  000000ce  000000d7         a

SECTION=.data
FILE=DefaultBuild\r_cg_main.obj
                                  000000d8  0000016a        93
FILE=DefaultBuild\r_cg_tau_user.obj
                                  0000016c  0000016f         4
FILE=DefaultBuild\r_cg_sau_user.obj
                                  00000170  0000017b         c
FILE=DefaultBuild\quecktel.obj
                                  0000017c  00000221        a6

SECTION=.text
FILE=DefaultBuild\cstart.obj
                                  00000222  00000294        73
  _start
                                  00000222         0   none ,g         * 
  _exit
                                  00000292         0   none ,g         * 
  _atexit
                                  00000294         0   none ,g         * 
FILE=DefaultBuild\r_cg_tau_user.obj
                                  00000295  00000369        d5
  _r_tau0_channel0_interrupt@1
                                  00000295        4a   func ,l         * 
  _r_tau0_channel1_interrupt@1
                                  000002df        8b   func ,l         * 
FILE=DefaultBuild\r_cg_sau_user.obj
                                  0000036a  000004d3       16a
  _r_uart0_interrupt_receive@1
                                  0000036a        83   func ,l         * 
  _r_uart0_interrupt_send@1
                                  000003ed        47   func ,l         * 
  _r_uart1_interrupt_receive@1
                                  00000434        58   func ,l         * 
  _r_uart1_interrupt_send@1
                                  0000048c        48   func ,l         * 
FILE=DefaultBuild\r_cg_wdt_user.obj
                                  000004d4  000004d5         2
  _r_wdt_interrupt@1
                                  000004d4         2   func ,l         * 

SECTION=.textf
FILE=DefaultBuild\stkinit.obj
                                  000004d6  00000519        44
  _stkinit
                                  000004d6         0   none ,g         * 
  LSTINIT1
                                  000004e4         0   none ,l         * 
  LSTINIT2
                                  0000050e         0   none ,l         * 
  LSTINIT3
                                  00000519         0   none ,l         * 
FILE=DefaultBuild\r_cg_main.obj
                                  0000051a  000007bf       2a6
  ___delay_ms
                                  0000051a        25   func ,g         * 
  _main
                                  0000053f        f6   func ,g         * 
  _INIT_MODULE_TO_LISTEN_TCP
                                  00000635        60   func ,g         * 
  _FETCH_TCPDATA_AND_SEND
                                  00000695        4d   func ,g         * 
  _split_and_store
                                  000006e2        a2   func ,g         * 
  _CHECK_MODULE_RESPONSE
                                  00000784        3c   func ,g         * 
FILE=DefaultBuild\r_cg_systeminit.obj
                                  000007c0  00000810        51
  _R_Systeminit
                                  000007c0        4c   func ,g         * 
  _hdwinit
                                  0000080c         5   func ,g         * 
FILE=DefaultBuild\r_cg_cgc.obj
                                  00000811  0000088a        7a
  _R_CGC_Create
                                  00000811        7a   func ,g         * 
FILE=DefaultBuild\r_cg_cgc_user.obj
                                  0000088b  0000088d         3
  _R_CGC_Get_ResetSource
                                  0000088b         3   func ,g         * 
FILE=DefaultBuild\r_cg_port.obj
                                  0000088e  000008a2        15
  _R_PORT_Create
                                  0000088e        15   func ,g         * 
FILE=DefaultBuild\r_cg_tau.obj
                                  000008a3  00000989        e7
  _R_TAU0_Create
                                  000008a3        a7   func ,g         * 
  _R_TAU0_Channel0_Start
                                  0000094a        10   func ,g         * 
  _R_TAU0_Channel0_Stop
                                  0000095a        10   func ,g         * 
  _timer1_Start
                                  0000096a        10   func ,g         * 
  _timer1_Stop
                                  0000097a        10   func ,g         * 
FILE=DefaultBuild\r_cg_tau_user.obj
                                  0000098a  000009b1        28
  _delay_In_Seconds
                                  0000098a        28   func ,g         * 
FILE=DefaultBuild\r_cg_sau.obj
                                  000009b2  00000bc9       218
  _R_SAU0_Create
                                  000009b2        14   func ,g         * 
  _R_UART0_Create
                                  000009c6        78   func ,g         * 
  _R_UART0_Start
                                  00000a3e        26   func ,g         * 
  _R_UART0_Stop
                                  00000a64        1e   func ,g         * 
  _R_UART0_Receive
                                  00000a82        18   func ,g         * 
  _R_UART0_Send
                                  00000a9a        26   func ,g         * 
  _R_UART1_Create
                                  00000ac0        88   func ,g         * 
  _R_UART1_Start
                                  00000b48        26   func ,g         * 
  _R_UART1_Stop
                                  00000b6e        1e   func ,g         * 
  _R_UART1_Receive
                                  00000b8c        18   func ,g         * 
  _R_UART1_Send
                                  00000ba4        26   func ,g         * 
FILE=DefaultBuild\r_cg_sau_user.obj
                                  00000bca  00000bcc         3
  _r_uart0_callback_sendend@1
                                  00000bca         1   func ,l         * 
  _r_uart0_callback_error@1
                                  00000bcb         1   func ,l         * 
  _r_uart1_callback_error@1
                                  00000bcc         1   func ,l         * 
FILE=DefaultBuild\r_cg_wdt.obj
                                  00000bcd  00000be0        14
  _R_WDT_Create
                                  00000bcd        10   func ,g         * 
  _R_WDT_Restart
                                  00000bdd         4   func ,g         * 
FILE=DefaultBuild\quecktel_users.obj
                                  00000be1  00000e8f       2af
  _Check_Common_Response
                                  00000be1        47   func ,g         * 
  _Check_EDRX_Status
                                  00000c28        31   func ,g         * 
  _Check_SIM_status
                                  00000c59        89   func ,g         * 
  _Ceck_Network_Reg_status
                                  00000ce2       196   func ,g         * 
  _Check_Operator_Status
                                  00000e78        18   func ,g         * 

SECTION=.const
FILE=DefaultBuild\r_cg_main.obj
                                  00002000  00002011        12
FILE=DefaultBuild\quecktel.obj
                                  00002012  00002850       83f

SECTION=.SLIB
FILE=memset
                                  00002851  0000285e         e
  _memset
                                  00002851         0   none ,g         * 
FILE=sprintf
                                  0000285f  0000291a        bc
  _sprintf
                                  0000285f        a4   func ,g         * 
  __REL_sp@1
                                  00002903        18   func ,l         * 
FILE=strlen
                                  0000291b  00002925         b
  _strlen
                                  0000291b         0   none ,g         * 
FILE=strncmp
                                  00002926  0000293b        16
  _strncmp
                                  00002926         0   none ,g         * 
FILE=_REL_print
                                  0000293c  00004810      1ed5
  __REL_print
                                  0000293c      1941   func ,g         * 
  __REL_henkan1@1
                                  0000427d        1d   func ,l         * 
  __REL_pri@1
                                  0000429a       289   func ,l         * 
  __REL_fltgeti@1
                                  00004523       1af   func ,l         * 
  __REL_inmod@1
                                  000046d2       13f   func ,l         * 
FILE=_COM_fdiv
                                  00004811  0000493e       12e
  __COM_fdiv
                                  00004870         0   none ,g         * 
FILE=_COM_feq
                                  0000493f  00004954        16
  __COM_feq
                                  0000493f         0   none ,g         * 
FILE=_COM_fge
                                  00004955  0000496a        16
  __COM_fge
                                  00004955         0   none ,g         * 
FILE=_COM_flt
                                  0000496b  00004980        16
  __COM_flt
                                  0000496b         0   none ,g         * 
FILE=_COM_fmul
                                  00004981  00004a6d        ed
  __COM_fmul
                                  000049cc         0   none ,g         * 
FILE=_COM_fne
                                  00004a6e  00004a7e        11
  __COM_fne
                                  00004a6e         0   none ,g         * 
FILE=_COM_ftosl
                                  00004a7f  00004a86         8
  __COM_ftosl
                                  00004a7f         0   none ,g         * 
FILE=_COM_funordered
                                  00004a87  00004a91         b
  __COM_funordered
                                  00004a87         0   none ,g         * 
FILE=_COM_sidiv
                                  00004a92  00004ab3        22
  __COM_sidiv
                                  00004a94         0   none ,g         * 
FILE=_COM_sirem
                                  00004ab4  00004ad3        20
  __COM_sirem
                                  00004ab4         0   none ,g         * 
FILE=_COM_ulldiv
                                  00004ad4  00004afd        2a
  __COM_ulldiv
                                  00004ad4         0   none ,g         * 
FILE=_COM_ullrem
                                  00004afe  00004b2e        31
  __COM_ullrem
                                  00004afe         0   none ,g         * 
FILE=isdigit
                                  00004b2f  00004b38         a
  _isdigit
                                  00004b2f         0   none ,g         * 
FILE=_REL_f_inf
                                  00004b39  00004b40         8
  __REL_f_inf
                                  00004b39         0   none ,g         * 
FILE=_REL_f_norm
                                  00004b41  00004b50        10
  __REL_f_norm
                                  00004b41         0   none ,g         * 
FILE=_REL_f_round
                                  00004b51  00004b63        13
  __REL_f_round
                                  00004b51         0   none ,g         * 
FILE=_REL_fcmp
                                  00004b64  00004b9b        38
  __REL_fcmp
                                  00004b64         0   none ,g         * 
FILE=_REL_fordered_core
                                  00004b9c  00004bb7        1c
  __REL_fordered_core
                                  00004b9c         0   none ,g         * 
FILE=_REL_ftol
                                  00004bb8  00004bec        35
  __REL_ftol
                                  00004bb8         0   none ,g         * 
FILE=_REL_lldiv
                                  00004bed  00004df2       206
  __REL_lldiv
                                  00004c09         0   none ,g         * 
FILE=_REL_llrem
                                  00004df3  00004ff6       204
  __REL_llrem
                                  00004e10         0   none ,g         * 
FILE=_REL_ltosl
                                  00004ff7  0000501b        25
  __REL_ltosl
                                  00004ff7         0   none ,g         * 
FILE=_COM_lshr
                                  0000501c  0000503c        21
  __COM_lshr
                                  00005026         0   none ,g         * 

SECTION=.monitor2
FILE=rlink_generates_02
                                  0001fe00  0001ffff       200

SECTION=.bss
FILE=DefaultBuild\r_cg_main.obj
                                  000fdf00  000fe13f       240
  _at_command
                                  000fdf00        32   data ,g         * 
  _TEMP_BUFFER
                                  000fdf32       200   data ,g         * 
  _TIMER_COUNT
                                  000fe132         4   data ,g         * 
  _TIMER1_COUNT
                                  000fe136         4   data ,g         * 
  _FEEDBACK_LENGTHG
                                  000fe13a         2   data ,g         * 
  _m
                                  000fe13c         2   data ,g         * 
  _n
                                  000fe13e         2   data ,g         * 
FILE=DefaultBuild\r_cg_tau_user.obj
                                  000fe140  000fe140         1
  _TCP_INIT_STATUS
                                  000fe140         1   data ,g         * 
FILE=DefaultBuild\r_cg_sau.obj
                                  000fe142  000fe155        14
  _gp_uart0_tx_address
                                  000fe142         2   data ,g         * 
  _g_uart0_tx_count
                                  000fe144         2   data ,g         * 
  _gp_uart0_rx_address
                                  000fe146         2   data ,g         * 
  _g_uart0_rx_count
                                  000fe148         2   data ,g         * 
  _g_uart0_rx_length
                                  000fe14a         2   data ,g         * 
  _gp_uart1_tx_address
                                  000fe14c         2   data ,g         * 
  _g_uart1_tx_count
                                  000fe14e         2   data ,g         * 
  _gp_uart1_rx_address
                                  000fe150         2   data ,g         * 
  _g_uart1_rx_count
                                  000fe152         2   data ,g         * 
  _g_uart1_rx_length
                                  000fe154         2   data ,g         * 
FILE=DefaultBuild\r_cg_sau_user.obj
                                  000fe156  000fe756       601
  _RX0_RECIEVED_STRING_LENGTH
                                  000fe156         1   data ,g         * 
  _RX0_BUFFER
                                  000fe157       200   data ,g         * 
  _RX1_BUFFER
                                  000fe357       200   data ,g         * 
  _final_buffer
                                  000fe557       200   data ,g         * 
FILE=sprintf
                                  000fe758  000fe75b         4
  __REL_pointer@1
                                  000fe758         4   data ,l         * 
FILE=_REL_print
                                  000fe75c  000fe7db        80
  _qt@1@_REL_inmod@1
                                  000fe75c        80   data ,l         * 

SECTION=.dataR
FILE=DefaultBuild\r_cg_main.obj
                                  000fe7dc  000fe86e        93
  _TCP_SUCCESS
                                  000fe7dc        11   data ,g         * 
  _TCP_REPLY
                                  000fe7ed        12   data ,g         * 
  _TCP_CLOSE
                                  000fe7ff         e   data ,g         * 
  _TCP_OPEN
                                  000fe80d        42   data ,g         * 
  _TEST_TCP_DATA
                                  000fe84f        11   data ,g         * 
  _RECIEVED
                                  000fe860         1   data ,g         * 
  _RECIEVED_TCP
                                  000fe861         1   data ,g         * 
  _COMPARE_MATCH1
                                  000fe862         1   data ,g         * 
  _count
                                  000fe863         1   data ,g         * 
  _BUF_FLAG
                                  000fe864         1   data ,g         * 
  _AT_COMMAND_COUNT
                                  000fe865         1   data ,g         * 
  _MODULE_MODE
                                  000fe866         1   data ,g         * 
  _TCP_DATA_PROCESSED
                                  000fe867         1   data ,g         * 
  _connection_id
                                  000fe868         2   data ,g         * 
  _frame_size
                                  000fe86a         1   data ,g         * 
  _framsize
                                  000fe86b         1   data ,g         * 
  _tcp_count
                                  000fe86c         1   data ,g         * 
  _TCP_DATA
                                  000fe86d         1   data ,g         * 
  _READ_RESF
                                  000fe86e         1   data ,g         * 
FILE=DefaultBuild\r_cg_tau_user.obj
                                  000fe870  000fe873         4
  _DATA_RECIEVED
                                  000fe870         1   data ,g         * 
  _START_TIMER
                                  000fe872         2   data ,g         * 
FILE=DefaultBuild\r_cg_sau_user.obj
                                  000fe874  000fe87f         c
  _LINE_END_COUNT
                                  000fe874         1   data ,g         * 
  _URC_COUNT
                                  000fe875         1   data ,g         * 
  _METER_DATA
                                  000fe876         1   data ,g         * 
  _RX0_BUFFER_COUNT
                                  000fe878         2   data ,g         * 
  _TX0_BUFFER_COUNT
                                  000fe87a         1   data ,g         * 
  _RX1_BUFFER_COUNT
                                  000fe87b         1   data ,g         * 
  _TX1_BUFFER_COUNT
                                  000fe87c         1   data ,g         * 
  _MAIN_RX_STORE_COUNT
                                  000fe87d         1   data ,g         * 
  _END_OF_RESPONSE
                                  000fe87e         1   data ,g         * 
  _END_OF_RESPONSE1
                                  000fe87f         1   data ,g         * 
FILE=DefaultBuild\quecktel.obj
                                  000fe880  000fe925        a6
  _at_commands
                                  000fe880        2c   data ,g         * 
  _COMMON_RESPONSE
                                  000fe8ac         6   data ,g         * 
  _EDRX_RESPONSE
                                  000fe8b2         4   data ,g         * 
  _SIM_QUERRY_RESPONSE
                                  000fe8b6         c   data ,g         * 
  _NETWORK_OPERATOR_STSTUS
                                  000fe8c2         2   data ,g         * 
  _SIGNAL_QUALITY
                                  000fe8c4         2   data ,g         * 
  _NETWORK_REGI_STATUS
                                  000fe8c6        24   data ,g         * 
  _OPERATOR_STATUS
                                  000fe8ea        3c   data ,g         * 

Absolute value symbols
FILE=rlink_generates_05
  __s.text
                                  00000222         0   none ,g         * 
  __e.text
                                  000004d6         0   none ,g         * 
  __s.textf
                                  000004d6         0   none ,g         * 
  __e.textf
                                  00000e90         0   none ,g         * 
  __s.const
                                  00002000         0   none ,g         * 
  __e.const
                                  00002851         0   none ,g         * 
  __s.constf
                                  00000080         0   none ,g         * 
  __e.constf
                                  00000094         0   none ,g         * 
  __s.data
                                  000000d8         0   none ,g         * 
  __e.data
                                  00000222         0   none ,g         * 
  __s.sdata
                                  00000080         0   none ,g         * 
  __e.sdata
                                  00000080         0   none ,g         * 
  __s.bss
                                  000fdf00         0   none ,g         * 
  __e.bss
                                  000fe7dc         0   none ,g         * 
  __s.sbss
                                  000ffe20         0   none ,g         * 
  __e.sbss
                                  000ffe20         0   none ,g         * 
  __s.dataR
                                  000fe7dc         0   none ,g         * 
  __e.dataR
                                  000fe926         0   none ,g         * 
  __s.sdataR
                                  000ffe20         0   none ,g         * 
  __e.sdataR
                                  000ffe20         0   none ,g         * 
  __s.init_array
                                  00000094         0   none ,g         * 
  __e.init_array
                                  00000094         0   none ,g         * 
  __s.RLIB
                                  000000c4         0   none ,g         * 
  __e.RLIB
                                  000000c4         0   none ,g         * 
  __s.SLIB
                                  00002851         0   none ,g         * 
  __e.SLIB
                                  0000503d         0   none ,g         * 
  __s.option_byte
                                  000000c0         0   none ,g         * 
  __e.option_byte
                                  000000c4         0   none ,g         * 
  __s.monitor1
                                  000000ce         0   none ,g         * 
  __e.monitor1
                                  000000d8         0   none ,g         * 
  __s.monitor2
                                  0001fe00         0   none ,g         * 
  __e.monitor2
                                  00020000         0   none ,g         * 
  __s.security_id
                                  000000c4         0   none ,g         * 
  __e.security_id
                                  000000ce         0   none ,g         * 
  __s.vect
                                  00000000         0   none ,g         * 
  __e.vect
                                  00000080         0   none ,g         * 
  __RAM_ADDR_START
                                  000fdf00         0   none ,g         * 
  __RAM_ADDR_END
                                  000ffee0         0   none ,g         * 
  __STACK_ADDR_START
                                  000ffe20         0   none ,g         * 
  __STACK_ADDR_END
                                  000fe926         0   none ,g         * 

*** Unfilled Areas ***

AREA                                START    END

*** Delete Symbols ***

SYMBOL                                SIZE    INFO
