Renesas Optimizing Linker (V3.07.00 )             25-Jan-2025 14:44:29

*** Options ***

-subcommand=DefaultBuild\MOD_FW_1.clnk
-Input=DefaultBuild\cstart.obj
-Input=DefaultBuild\stkinit.obj
-Input=DefaultBuild\r_cg_main.obj
-Input=DefaultBuild\r_cg_systeminit.obj
-Input=DefaultBuild\r_cg_cgc.obj
-Input=DefaultBuild\r_cg_cgc_user.obj
-Input=DefaultBuild\r_cg_port.obj
-Input=DefaultBuild\r_cg_port_user.obj
-Input=DefaultBuild\r_cg_tau.obj
-Input=DefaultBuild\r_cg_tau_user.obj
-Input=DefaultBuild\r_cg_sau.obj
-Input=DefaultBuild\r_cg_sau_user.obj
-Input=DefaultBuild\r_cg_wdt.obj
-Input=DefaultBuild\r_cg_wdt_user.obj
-Input=DefaultBuild\quecktel.obj
-Input=DefaultBuild\quecktel_users.obj
-Input=DefaultBuild\csq.obj
-SECURITY_ID=00000000000000000000
-DEVICE=C:\Program Files (x86)\Renesas Electronics\CS+\CC\Device\RL78\Devicefile\DR5F11TLG.DVF
-DEBug
-NOCOmpress
-NOOPtimize
-OUtput=DefaultBuild\MOD_FW_1.abs
-OCDBG=84
-DEBUG_MONITOR=1FE00-1FFFF
-USER_OPT_BYTE=FFFFE0
-LISt=DefaultBuild\MOD_FW_1.map
-SHow=SYmbol,Total_size
-AUTO_SECTION_LAYOUT
-ROm=.data=.dataR
-ROm=.sdata=.sdataR
-NOMessage
-STACk
-Total_size
-NOLOgo
-LIBrary=DefaultBuild\MOD_FW_1.lib
-end

*** Error information ***

*** Mapping List ***

SECTION                            START      END         SIZE   ALIGN
.vect
                                  00000000  0000007f        80   0
.constf
                                  00000080  00000093        14   2
.init_array
                                  00000094  00000094         0   2
.sdata
                                  00000080  00000080         0   2
.option_byte
                                  000000c0  000000c3         4   1
.security_id
                                  000000c4  000000cd         a   1
.RLIB
                                  000000c4  000000c4         0   1
.monitor1
                                  000000ce  000000d7         a   1
.data
                                  000000d8  0000042d       356   2
.text
                                  0000042e  000006ab       27e   1
.textf
                                  000006ac  00000f68       8bd   1
.const
                                  00002000  00004080      2081   2
.SLIB
                                  00004081  0000686c      27ec   1
.monitor2
                                  0001fe00  0001ffff       200   1
.bss
                                  000fdf00  000fe7c3       8c4   2
.dataR
                                  000fe7c4  000feb19       356   2
.sbss
                                  000ffe20  000ffe20         0   2
.sdataR
                                  000ffe20  000ffe20         0   2

*** Total Section Size ***

RAMDATA SECTION:  00000c1a Byte(s)
ROMDATA SECTION:  00002683 Byte(s)
PROGRAM SECTION:  00003327 Byte(s)

*** Symbol List ***

SECTION=
FILE=                               START        END    SIZE
  SYMBOL                            ADDR        SIZE    INFO      COUNTS  OPT

SECTION=.vect
FILE=rlink_generates_04
                                  00000000  0000007f        80

SECTION=.constf
FILE=_REL_print
                                  00000080  00000093        14

SECTION=.option_byte
FILE=rlink_generates_01
                                  000000c0  000000c3         4

SECTION=.security_id
FILE=rlink_generates_03
                                  000000c4  000000cd         a

SECTION=.monitor1
FILE=rlink_generates_02
                                  000000ce  000000d7         a

SECTION=.data
FILE=DefaultBuild\r_cg_main.obj
                                  000000d8  00000125        4e
FILE=DefaultBuild\r_cg_tau_user.obj
                                  00000126  00000129         4
FILE=DefaultBuild\r_cg_sau_user.obj
                                  0000012a  00000135         c
FILE=DefaultBuild\quecktel.obj
                                  00000136  000001db        a6
FILE=DefaultBuild\quecktel_users.obj
                                  000001dc  000001dd         2
FILE=DefaultBuild\csq.obj
                                  000001de  0000042d       250

SECTION=.text
FILE=DefaultBuild\cstart.obj
                                  0000042e  000004a0        73
  _start
                                  0000042e         0   none ,g         * 
  _exit
                                  0000049e         0   none ,g         * 
  _atexit
                                  000004a0         0   none ,g         * 
FILE=DefaultBuild\r_cg_tau_user.obj
                                  000004a1  0000057e        de
  _r_tau0_channel0_interrupt@1
                                  000004a1        4a   func ,l         * 
  _r_tau0_channel1_interrupt@1
                                  000004eb        94   func ,l         * 
FILE=DefaultBuild\r_cg_sau_user.obj
                                  0000057f  000006a9       12b
  _r_uart0_interrupt_receive@1
                                  0000057f        4c   func ,l         * 
  _r_uart0_interrupt_send@1
                                  000005cb        47   func ,l         * 
  _r_uart1_interrupt_receive@1
                                  00000612        4c   func ,l         * 
  _r_uart1_interrupt_send@1
                                  0000065e        4c   func ,l         * 
FILE=DefaultBuild\r_cg_wdt_user.obj
                                  000006aa  000006ab         2
  _r_wdt_interrupt@1
                                  000006aa         2   func ,l         * 

SECTION=.textf
FILE=DefaultBuild\stkinit.obj
                                  000006ac  000006ef        44
  _stkinit
                                  000006ac         0   none ,g         * 
  LSTINIT1
                                  000006ba         0   none ,l         * 
  LSTINIT2
                                  000006e4         0   none ,l         * 
  LSTINIT3
                                  000006ef         0   none ,l         * 
FILE=DefaultBuild\r_cg_main.obj
                                  000006f0  000009ed       2fe
  ___delay_ms
                                  000006f0        25   func ,g         * 
  _main
                                  00000715        de   func ,g         * 
  _INIT_MODULE_TO_TCP_LISTENMODE
                                  000007f3        67   func ,g         * 
  _FETCH_METERDATA_AND_SEND
                                  0000085a        4a   func ,g         * 
  _FETCH_TCP_DATA
                                  000008a4        c3   func ,g         * 
  _CHECK_MODULE_RESPONSE
                                  00000967        75   func ,g         * 
  _WAIT_RECEPTION_TO_COMPLETE
                                  000009dc        12   func ,g         * 
FILE=DefaultBuild\r_cg_systeminit.obj
                                  000009ee  00000a3e        51
  _R_Systeminit
                                  000009ee        4c   func ,g         * 
  _hdwinit
                                  00000a3a         5   func ,g         * 
FILE=DefaultBuild\r_cg_cgc.obj
                                  00000a3f  00000ab8        7a
  _R_CGC_Create
                                  00000a3f        7a   func ,g         * 
FILE=DefaultBuild\r_cg_cgc_user.obj
                                  00000ab9  00000abb         3
  _R_CGC_Get_ResetSource
                                  00000ab9         3   func ,g         * 
FILE=DefaultBuild\r_cg_port.obj
                                  00000abc  00000ad0        15
  _R_PORT_Create
                                  00000abc        15   func ,g         * 
FILE=DefaultBuild\r_cg_tau.obj
                                  00000ad1  00000bb7        e7
  _R_TAU0_Create
                                  00000ad1        a7   func ,g         * 
  _R_TAU0_Channel0_Start
                                  00000b78        10   func ,g         * 
  _R_TAU0_Channel0_Stop
                                  00000b88        10   func ,g         * 
  _timer1_Start
                                  00000b98        10   func ,g         * 
  _timer1_Stop
                                  00000ba8        10   func ,g         * 
FILE=DefaultBuild\r_cg_tau_user.obj
                                  00000bb8  00000bdf        28
  _delay_In_Seconds
                                  00000bb8        28   func ,g         * 
FILE=DefaultBuild\r_cg_sau.obj
                                  00000be0  00000df7       218
  _R_SAU0_Create
                                  00000be0        14   func ,g         * 
  _R_UART0_Create
                                  00000bf4        78   func ,g         * 
  _R_UART0_Start
                                  00000c6c        26   func ,g         * 
  _R_UART0_Stop
                                  00000c92        1e   func ,g         * 
  _R_UART0_Receive
                                  00000cb0        18   func ,g         * 
  _R_UART0_Send
                                  00000cc8        26   func ,g         * 
  _R_UART1_Create
                                  00000cee        88   func ,g         * 
  _R_UART1_Start
                                  00000d76        26   func ,g         * 
  _R_UART1_Stop
                                  00000d9c        1e   func ,g         * 
  _R_UART1_Receive
                                  00000dba        18   func ,g         * 
  _R_UART1_Send
                                  00000dd2        26   func ,g         * 
FILE=DefaultBuild\r_cg_sau_user.obj
                                  00000df8  00000dfa         3
  _r_uart0_callback_sendend@1
                                  00000df8         1   func ,l         * 
  _r_uart0_callback_error@1
                                  00000df9         1   func ,l         * 
  _r_uart1_callback_error@1
                                  00000dfa         1   func ,l         * 
FILE=DefaultBuild\r_cg_wdt.obj
                                  00000dfb  00000e0e        14
  _R_WDT_Create
                                  00000dfb        10   func ,g         * 
  _R_WDT_Restart
                                  00000e0b         4   func ,g         * 
FILE=DefaultBuild\quecktel_users.obj
                                  00000e0f  00000f68       15a
  _CHECK_OK_RESPONSE
                                  00000e0f        38   func ,g         * 
  _Check_Common_Response
                                  00000e47        35   func ,g         * 
  _Check_EDRX_Status
                                  00000e7c        31   func ,g         * 
  _Check_SIM_status
                                  00000ead        35   func ,g         * 
  _Ceck_Network_Reg_status
                                  00000ee2        35   func ,g         * 
  _Check_Operator_Status
                                  00000f17        1d   func ,g         * 
  _Check_Signal_Quality
                                  00000f34        35   func ,g         * 

SECTION=.const
FILE=DefaultBuild\r_cg_main.obj
                                  00002000  00002011        12
FILE=DefaultBuild\quecktel.obj
                                  00002012  0000285d       84c
FILE=DefaultBuild\csq.obj
                                  0000285e  00004080      1823

SECTION=.SLIB
FILE=memset
                                  00004081  0000408e         e
  _memset
                                  00004081         0   none ,g         * 
FILE=sprintf
                                  0000408f  0000414a        bc
  _sprintf
                                  0000408f        a4   func ,g         * 
  __REL_sp@1
                                  00004133        18   func ,l         * 
FILE=strlen
                                  0000414b  00004155         b
  _strlen
                                  0000414b         0   none ,g         * 
FILE=strncmp
                                  00004156  0000416b        16
  _strncmp
                                  00004156         0   none ,g         * 
FILE=_REL_print
                                  0000416c  00006040      1ed5
  __REL_print
                                  0000416c      1941   func ,g         * 
  __REL_henkan1@1
                                  00005aad        1d   func ,l         * 
  __REL_pri@1
                                  00005aca       289   func ,l         * 
  __REL_fltgeti@1
                                  00005d53       1af   func ,l         * 
  __REL_inmod@1
                                  00005f02       13f   func ,l         * 
FILE=_COM_fdiv
                                  00006041  0000616e       12e
  __COM_fdiv
                                  000060a0         0   none ,g         * 
FILE=_COM_feq
                                  0000616f  00006184        16
  __COM_feq
                                  0000616f         0   none ,g         * 
FILE=_COM_fge
                                  00006185  0000619a        16
  __COM_fge
                                  00006185         0   none ,g         * 
FILE=_COM_flt
                                  0000619b  000061b0        16
  __COM_flt
                                  0000619b         0   none ,g         * 
FILE=_COM_fmul
                                  000061b1  0000629d        ed
  __COM_fmul
                                  000061fc         0   none ,g         * 
FILE=_COM_fne
                                  0000629e  000062ae        11
  __COM_fne
                                  0000629e         0   none ,g         * 
FILE=_COM_ftosl
                                  000062af  000062b6         8
  __COM_ftosl
                                  000062af         0   none ,g         * 
FILE=_COM_funordered
                                  000062b7  000062c1         b
  __COM_funordered
                                  000062b7         0   none ,g         * 
FILE=_COM_sidiv
                                  000062c2  000062e3        22
  __COM_sidiv
                                  000062c4         0   none ,g         * 
FILE=_COM_sirem
                                  000062e4  00006303        20
  __COM_sirem
                                  000062e4         0   none ,g         * 
FILE=_COM_ulldiv
                                  00006304  0000632d        2a
  __COM_ulldiv
                                  00006304         0   none ,g         * 
FILE=_COM_ullrem
                                  0000632e  0000635e        31
  __COM_ullrem
                                  0000632e         0   none ,g         * 
FILE=isdigit
                                  0000635f  00006368         a
  _isdigit
                                  0000635f         0   none ,g         * 
FILE=_REL_f_inf
                                  00006369  00006370         8
  __REL_f_inf
                                  00006369         0   none ,g         * 
FILE=_REL_f_norm
                                  00006371  00006380        10
  __REL_f_norm
                                  00006371         0   none ,g         * 
FILE=_REL_f_round
                                  00006381  00006393        13
  __REL_f_round
                                  00006381         0   none ,g         * 
FILE=_REL_fcmp
                                  00006394  000063cb        38
  __REL_fcmp
                                  00006394         0   none ,g         * 
FILE=_REL_fordered_core
                                  000063cc  000063e7        1c
  __REL_fordered_core
                                  000063cc         0   none ,g         * 
FILE=_REL_ftol
                                  000063e8  0000641c        35
  __REL_ftol
                                  000063e8         0   none ,g         * 
FILE=_REL_lldiv
                                  0000641d  00006622       206
  __REL_lldiv
                                  00006439         0   none ,g         * 
FILE=_REL_llrem
                                  00006623  00006826       204
  __REL_llrem
                                  00006640         0   none ,g         * 
FILE=_REL_ltosl
                                  00006827  0000684b        25
  __REL_ltosl
                                  00006827         0   none ,g         * 
FILE=_COM_lshr
                                  0000684c  0000686c        21
  __COM_lshr
                                  00006856         0   none ,g         * 

SECTION=.monitor2
FILE=rlink_generates_02
                                  0001fe00  0001ffff       200

SECTION=.bss
FILE=DefaultBuild\r_cg_main.obj
                                  000fdf00  000fe126       227
  _TEMP_BUFFER
                                  000fdf00       200   data ,g         * 
  _TIMER_COUNT
                                  000fe100         4   data ,g         * 
  _TIMER1_COUNT
                                  000fe104         4   data ,g         * 
  _at_command
                                  000fe108        1e   data ,g         * 
  _buffer_Count
                                  000fe126         1   data ,g         * 
FILE=DefaultBuild\r_cg_tau_user.obj
                                  000fe128  000fe128         1
  _TCP_INIT_STATUS
                                  000fe128         1   data ,g         * 
FILE=DefaultBuild\r_cg_sau.obj
                                  000fe12a  000fe13d        14
  _gp_uart0_tx_address
                                  000fe12a         2   data ,g         * 
  _g_uart0_tx_count
                                  000fe12c         2   data ,g         * 
  _gp_uart0_rx_address
                                  000fe12e         2   data ,g         * 
  _g_uart0_rx_count
                                  000fe130         2   data ,g         * 
  _g_uart0_rx_length
                                  000fe132         2   data ,g         * 
  _gp_uart1_tx_address
                                  000fe134         2   data ,g         * 
  _g_uart1_tx_count
                                  000fe136         2   data ,g         * 
  _gp_uart1_rx_address
                                  000fe138         2   data ,g         * 
  _g_uart1_rx_count
                                  000fe13a         2   data ,g         * 
  _g_uart1_rx_length
                                  000fe13c         2   data ,g         * 
FILE=DefaultBuild\r_cg_sau_user.obj
                                  000fe13e  000fe73f       602
  _RX0_RECIEVED_STRING_LENGTH
                                  000fe13e         1   data ,g         * 
  _RX0_BUFFER
                                  000fe13f       200   data ,g         * 
  _RX1_BUFFER
                                  000fe33f       200   data ,g         * 
  _HANDLING_METER_DATA
                                  000fe53f         1   data ,g         * 
  _final_buffer
                                  000fe540       200   data ,g         * 
FILE=sprintf
                                  000fe740  000fe743         4
  __REL_pointer@1
                                  000fe740         4   data ,l         * 
FILE=_REL_print
                                  000fe744  000fe7c3        80
  _qt@1@_REL_inmod@1
                                  000fe744        80   data ,l         * 

SECTION=.dataR
FILE=DefaultBuild\r_cg_main.obj
                                  000fe7c4  000fe811        4e
  _TCP_CLOSE
                                  000fe7c4         e   data ,g         * 
  _RECIEVED
                                  000fe7d2         1   data ,g         * 
  _RECIEVED_TCP
                                  000fe7d3         1   data ,g         * 
  _COMPARE_MATCH1
                                  000fe7d4         1   data ,g         * 
  _BUF_FLAG
                                  000fe7d5         1   data ,g         * 
  _AT_COMMAND_COUNT
                                  000fe7d6         1   data ,g         * 
  _MODULE_MODE
                                  000fe7d7         1   data ,g         * 
  _TCP_DATA_PROCESSED
                                  000fe7d8         1   data ,g         * 
  _TCP_DATA
                                  000fe7d9         1   data ,g         * 
  _WAIT_COUNT
                                  000fe7da         4   data ,g         * 
  _data
                                  000fe7de        33   data ,g         * 
  _READ_RESF
                                  000fe811         1   data ,g         * 
FILE=DefaultBuild\r_cg_tau_user.obj
                                  000fe812  000fe815         4
  _DATA_RECIEVED
                                  000fe812         1   data ,g         * 
  _START_TIMER
                                  000fe814         2   data ,g         * 
FILE=DefaultBuild\r_cg_sau_user.obj
                                  000fe816  000fe821         c
  _LINE_END_COUNT
                                  000fe816         1   data ,g         * 
  _URC_COUNT
                                  000fe817         1   data ,g         * 
  _METER_DATA
                                  000fe818         1   data ,g         * 
  _RX0_BUFFER_COUNT
                                  000fe81a         2   data ,g         * 
  _TX0_BUFFER_COUNT
                                  000fe81c         1   data ,g         * 
  _RX1_BUFFER_COUNT
                                  000fe81d         1   data ,g         * 
  _TX1_BUFFER_COUNT
                                  000fe81e         1   data ,g         * 
  _MAIN_RX_STORE_COUNT
                                  000fe81f         1   data ,g         * 
  _END_OF_RESPONSE
                                  000fe820         1   data ,g         * 
  _END_OF_RESPONSE1
                                  000fe821         1   data ,g         * 
FILE=DefaultBuild\quecktel.obj
                                  000fe822  000fe8c7        a6
  _at_commands
                                  000fe822        2c   data ,g         * 
  _COMMON_RESPONSE
                                  000fe84e         6   data ,g         * 
  _EDRX_RESPONSE
                                  000fe854         4   data ,g         * 
  _SIM_QUERRY_RESPONSE
                                  000fe858         c   data ,g         * 
  _NETWORK_OPERATOR_STSTUS
                                  000fe864         2   data ,g         * 
  _NETWORK_REGI_STATUS
                                  000fe866        24   data ,g         * 
  _OPERATOR_STATUS
                                  000fe88a        3c   data ,g         * 
  _TCP_ALIVE
                                  000fe8c6         2   data ,g         * 
FILE=DefaultBuild\quecktel_users.obj
                                  000fe8c8  000fe8c9         2
  _Sting_index
                                  000fe8c8         2   data ,g         * 
FILE=DefaultBuild\csq.obj
                                  000fe8ca  000feb19       250
  _SIGNAL_QUALITY
                                  000fe8ca       250   data ,g         * 

Absolute value symbols
FILE=rlink_generates_05
  __s.text
                                  0000042e         0   none ,g         * 
  __e.text
                                  000006ac         0   none ,g         * 
  __s.textf
                                  000006ac         0   none ,g         * 
  __e.textf
                                  00000f69         0   none ,g         * 
  __s.const
                                  00002000         0   none ,g         * 
  __e.const
                                  00004081         0   none ,g         * 
  __s.constf
                                  00000080         0   none ,g         * 
  __e.constf
                                  00000094         0   none ,g         * 
  __s.data
                                  000000d8         0   none ,g         * 
  __e.data
                                  0000042e         0   none ,g         * 
  __s.sdata
                                  00000080         0   none ,g         * 
  __e.sdata
                                  00000080         0   none ,g         * 
  __s.bss
                                  000fdf00         0   none ,g         * 
  __e.bss
                                  000fe7c4         0   none ,g         * 
  __s.sbss
                                  000ffe20         0   none ,g         * 
  __e.sbss
                                  000ffe20         0   none ,g         * 
  __s.dataR
                                  000fe7c4         0   none ,g         * 
  __e.dataR
                                  000feb1a         0   none ,g         * 
  __s.sdataR
                                  000ffe20         0   none ,g         * 
  __e.sdataR
                                  000ffe20         0   none ,g         * 
  __s.init_array
                                  00000094         0   none ,g         * 
  __e.init_array
                                  00000094         0   none ,g         * 
  __s.RLIB
                                  000000c4         0   none ,g         * 
  __e.RLIB
                                  000000c4         0   none ,g         * 
  __s.SLIB
                                  00004081         0   none ,g         * 
  __e.SLIB
                                  0000686d         0   none ,g         * 
  __s.option_byte
                                  000000c0         0   none ,g         * 
  __e.option_byte
                                  000000c4         0   none ,g         * 
  __s.monitor1
                                  000000ce         0   none ,g         * 
  __e.monitor1
                                  000000d8         0   none ,g         * 
  __s.monitor2
                                  0001fe00         0   none ,g         * 
  __e.monitor2
                                  00020000         0   none ,g         * 
  __s.security_id
                                  000000c4         0   none ,g         * 
  __e.security_id
                                  000000ce         0   none ,g         * 
  __s.vect
                                  00000000         0   none ,g         * 
  __e.vect
                                  00000080         0   none ,g         * 
  __RAM_ADDR_START
                                  000fdf00         0   none ,g         * 
  __RAM_ADDR_END
                                  000ffee0         0   none ,g         * 
  __STACK_ADDR_START
                                  000ffe20         0   none ,g         * 
  __STACK_ADDR_END
                                  000feb1a         0   none ,g         * 

*** Unfilled Areas ***

AREA                                START    END

*** Delete Symbols ***

SYMBOL                                SIZE    INFO
