Renesas Optimizing Linker (V3.07.00 )             31-Jan-2025 16:02:19

*** Options ***

-subcommand=DefaultBuild\MOD_FW_1.clnk
-Input=DefaultBuild\cstart.obj
-Input=DefaultBuild\stkinit.obj
-Input=DefaultBuild\r_cg_main.obj
-Input=DefaultBuild\r_cg_systeminit.obj
-Input=DefaultBuild\r_cg_cgc.obj
-Input=DefaultBuild\r_cg_cgc_user.obj
-Input=DefaultBuild\r_cg_port.obj
-Input=DefaultBuild\r_cg_port_user.obj
-Input=DefaultBuild\r_cg_tau.obj
-Input=DefaultBuild\r_cg_tau_user.obj
-Input=DefaultBuild\r_cg_sau.obj
-Input=DefaultBuild\r_cg_sau_user.obj
-Input=DefaultBuild\r_cg_wdt.obj
-Input=DefaultBuild\r_cg_wdt_user.obj
-Input=DefaultBuild\quecktel.obj
-Input=DefaultBuild\quecktel_users.obj
-Input=DefaultBuild\csq.obj
-Input=DefaultBuild\simstastus.obj
-Input=DefaultBuild\networkstatus.obj
-Input=DefaultBuild\cmeerror.obj
-Input=DefaultBuild\operatorstatus.obj
-SECURITY_ID=00000000000000000000
-DEVICE=C:\Program Files (x86)\Renesas Electronics\CS+\CC\Device\RL78\Devicefile\DR5F11TLG.DVF
-DEBug
-NOCOmpress
-NOOPtimize
-OUtput=DefaultBuild\MOD_FW_1.abs
-OCDBG=84
-DEBUG_MONITOR=1FE00-1FFFF
-USER_OPT_BYTE=FFFFE0
-LISt=DefaultBuild\MOD_FW_1.map
-SHow=SYmbol,Total_size
-AUTO_SECTION_LAYOUT
-ROm=.data=.dataR
-ROm=.sdata=.sdataR
-NOMessage
-STACk
-Total_size
-NOLOgo
-LIBrary=DefaultBuild\MOD_FW_1.lib
-end

*** Error information ***

*** Mapping List ***

SECTION                            START      END         SIZE   ALIGN
.vect
                                  00000000  0000007f        80   0
.constf
                                  00000080  00000093        14   2
.init_array
                                  00000094  00000094         0   2
.sdata
                                  00000080  00000080         0   2
.option_byte
                                  000000c0  000000c3         4   1
.security_id
                                  000000c4  000000cd         a   1
.RLIB
                                  000000c4  000000c4         0   1
.monitor1
                                  000000ce  000000d7         a   1
.data
                                  000000d8  0000039d       2c6   2
.text
                                  0000039e  000005b3       216   1
.textf
                                  000005b4  00000f0e       95b   1
.const
                                  00002000  00004517      2518   2
.SLIB
                                  00004518  00006d43      282c   1
.monitor2
                                  0001fe00  0001ffff       200   1
.bss
                                  000fdf00  000fe9c5       ac6   2
.dataR
                                  000fe9c6  000fec8b       2c6   2
.sbss
                                  000ffe20  000ffe20         0   2
.sdataR
                                  000ffe20  000ffe20         0   2

*** Total Section Size ***

RAMDATA SECTION:  00000d8c Byte(s)
ROMDATA SECTION:  00002a8a Byte(s)
PROGRAM SECTION:  0000339d Byte(s)

*** Symbol List ***

SECTION=
FILE=                               START        END    SIZE
  SYMBOL                            ADDR        SIZE    INFO      COUNTS  OPT

SECTION=.vect
FILE=rlink_generates_04
                                  00000000  0000007f        80

SECTION=.constf
FILE=_REL_print
                                  00000080  00000093        14

SECTION=.option_byte
FILE=rlink_generates_01
                                  000000c0  000000c3         4

SECTION=.security_id
FILE=rlink_generates_03
                                  000000c4  000000cd         a

SECTION=.monitor1
FILE=rlink_generates_02
                                  000000ce  000000d7         a

SECTION=.data
FILE=DefaultBuild\r_cg_main.obj
                                  000000d8  000000f7        20
FILE=DefaultBuild\r_cg_tau_user.obj
                                  000000f8  000000fb         4
FILE=DefaultBuild\r_cg_sau_user.obj
                                  000000fc  00000109         e
FILE=DefaultBuild\quecktel.obj
                                  0000010a  0000014b        42
FILE=DefaultBuild\quecktel_users.obj
                                  0000014c  0000014d         2
FILE=DefaultBuild\csq.obj
                                  0000014e  0000039d       250

SECTION=.text
FILE=DefaultBuild\cstart.obj
                                  0000039e  00000410        73
  _start
                                  0000039e         0   none ,g         * 
  _exit
                                  0000040e         0   none ,g         * 
  _atexit
                                  00000410         0   none ,g         * 
FILE=DefaultBuild\r_cg_tau_user.obj
                                  00000411  00000483        73
  _r_tau0_channel0_interrupt@1
                                  00000411        2a   func ,l         * 
  _r_tau0_channel1_interrupt@1
                                  0000043b        49   func ,l         * 
FILE=DefaultBuild\r_cg_sau_user.obj
                                  00000484  000005b1       12e
  _r_uart0_interrupt_receive@1
                                  00000484        4c   func ,l         * 
  _r_uart0_interrupt_send@1
                                  000004d0        47   func ,l         * 
  _r_uart1_interrupt_receive@1
                                  00000517        52   func ,l         * 
  _r_uart1_interrupt_send@1
                                  00000569        49   func ,l         * 
FILE=DefaultBuild\r_cg_wdt_user.obj
                                  000005b2  000005b3         2
  _r_wdt_interrupt@1
                                  000005b2         2   func ,l         * 

SECTION=.textf
FILE=DefaultBuild\stkinit.obj
                                  000005b4  000005f7        44
  _stkinit
                                  000005b4         0   none ,g         * 
  LSTINIT1
                                  000005c2         0   none ,l         * 
  LSTINIT2
                                  000005ec         0   none ,l         * 
  LSTINIT3
                                  000005f7         0   none ,l         * 
FILE=DefaultBuild\r_cg_main.obj
                                  000005f8  000008c5       2ce
  ___delay_ms
                                  000005f8        25   func ,g         * 
  _main
                                  0000061d        b1   func ,g         * 
  _INIT_MODULE_TO_TCP_LISTENMODE
                                  000006ce        82   func ,g         * 
  _FETCH_METERDATA_AND_SEND
                                  00000750        4b   func ,g         * 
  _FETCH_TCP_DATA
                                  0000079b        d3   func ,g         * 
  _WAIT_RECEPTION_TO_COMPLETE
                                  0000086e        12   func ,g         * 
  _TURN_ON_MODULE
                                  00000880        24   func ,g         * 
  _CHECK_MODULE_STATUS
                                  000008a4        22   func ,g         * 
FILE=DefaultBuild\r_cg_systeminit.obj
                                  000008c6  00000916        51
  _R_Systeminit
                                  000008c6        4c   func ,g         * 
  _hdwinit
                                  00000912         5   func ,g         * 
FILE=DefaultBuild\r_cg_cgc.obj
                                  00000917  00000990        7a
  _R_CGC_Create
                                  00000917        7a   func ,g         * 
FILE=DefaultBuild\r_cg_cgc_user.obj
                                  00000991  00000993         3
  _R_CGC_Get_ResetSource
                                  00000991         3   func ,g         * 
FILE=DefaultBuild\r_cg_port.obj
                                  00000994  000009a8        15
  _R_PORT_Create
                                  00000994        15   func ,g         * 
FILE=DefaultBuild\r_cg_tau.obj
                                  000009a9  00000a8f        e7
  _R_TAU0_Create
                                  000009a9        a7   func ,g         * 
  _R_TAU0_Channel0_Start
                                  00000a50        10   func ,g         * 
  _R_TAU0_Channel0_Stop
                                  00000a60        10   func ,g         * 
  _timer1_Start
                                  00000a70        10   func ,g         * 
  _timer1_Stop
                                  00000a80        10   func ,g         * 
FILE=DefaultBuild\r_cg_tau_user.obj
                                  00000a90  00000ab7        28
  _delay_In_Seconds
                                  00000a90        28   func ,g         * 
FILE=DefaultBuild\r_cg_sau.obj
                                  00000ab8  00000ccf       218
  _R_SAU0_Create
                                  00000ab8        14   func ,g         * 
  _R_UART0_Create
                                  00000acc        78   func ,g         * 
  _R_UART0_Start
                                  00000b44        26   func ,g         * 
  _R_UART0_Stop
                                  00000b6a        1e   func ,g         * 
  _R_UART0_Receive
                                  00000b88        18   func ,g         * 
  _R_UART0_Send
                                  00000ba0        26   func ,g         * 
  _R_UART1_Create
                                  00000bc6        88   func ,g         * 
  _R_UART1_Start
                                  00000c4e        26   func ,g         * 
  _R_UART1_Stop
                                  00000c74        1e   func ,g         * 
  _R_UART1_Receive
                                  00000c92        18   func ,g         * 
  _R_UART1_Send
                                  00000caa        26   func ,g         * 
FILE=DefaultBuild\r_cg_sau_user.obj
                                  00000cd0  00000cd6         7
  _r_uart0_callback_sendend@1
                                  00000cd0         1   func ,l         * 
  _r_uart0_callback_error@1
                                  00000cd1         1   func ,l         * 
  _r_uart1_callback_error@1
                                  00000cd2         5   func ,l         * 
FILE=DefaultBuild\r_cg_wdt.obj
                                  00000cd7  00000cea        14
  _R_WDT_Create
                                  00000cd7        10   func ,g         * 
  _R_WDT_Restart
                                  00000ce7         4   func ,g         * 
FILE=DefaultBuild\quecktel.obj
                                  00000ceb  00000d66        7c
  _CHECK_MODULE_RESPONSE
                                  00000ceb        7c   func ,g         * 
FILE=DefaultBuild\quecktel_users.obj
                                  00000d67  00000e39        d3
  _CHECK_OK_RESPONSE
                                  00000d67        38   func ,g         * 
  _Check_Common_Response
                                  00000d9f        35   func ,g         * 
  _Check_EDRX_Status
                                  00000dd4        31   func ,g         * 
  _Check_Signal_Quality
                                  00000e05        35   func ,g         * 
FILE=DefaultBuild\simstastus.obj
                                  00000e3a  00000e7a        41
  _Check_SIM_status
                                  00000e3a        41   func ,g         * 
FILE=DefaultBuild\networkstatus.obj
                                  00000e7b  00000eb2        38
  _Check_Network_Reg_status
                                  00000e7b        38   func ,g         * 
FILE=DefaultBuild\operatorstatus.obj
                                  00000eb3  00000f0e        5c
  _Check_Operator_Status
                                  00000eb3        5c   func ,g         * 

SECTION=.const
FILE=DefaultBuild\r_cg_main.obj
                                  00002000  00002011        12
FILE=DefaultBuild\quecktel.obj
                                  00002012  000021ec       1db
FILE=DefaultBuild\csq.obj
                                  000021ee  00003a10      1823
FILE=DefaultBuild\simstastus.obj
                                  00003a12  00003ab0        9f
  _CPIN_RESPONSE
                                  00003a12        18   data ,g         * 
FILE=DefaultBuild\networkstatus.obj
                                  00003ab2  00003c5a       1a9
  _NETWORK_RESPONSE
                                  00003ab2        44   data ,g         * 
FILE=DefaultBuild\cmeerror.obj
                                  00003c5c  00003fef       394
  _CME_ERROR_RESPONSE
                                  00003c5c        a0   data ,g         * 
FILE=DefaultBuild\operatorstatus.obj
                                  00003ff0  00004517       528
  _OPERATOR_STATUS_RESPONSE
                                  00003ff0        f0   data ,g         * 

SECTION=.SLIB
FILE=memset
                                  00004518  00004525         e
  _memset
                                  00004518         0   none ,g         * 
FILE=sprintf
                                  00004526  000045e1        bc
  _sprintf
                                  00004526        a4   func ,g         * 
  __REL_sp@1
                                  000045ca        18   func ,l         * 
FILE=strcmp
                                  000045e2  000045f2        11
  _strcmp
                                  000045e2         0   none ,g         * 
FILE=strlen
                                  000045f3  000045fd         b
  _strlen
                                  000045f3         0   none ,g         * 
FILE=strncmp
                                  000045fe  00004613        16
  _strncmp
                                  000045fe         0   none ,g         * 
FILE=strrchr
                                  00004614  00004623        10
  _strrchr
                                  00004614         0   none ,g         * 
FILE=strstr
                                  00004624  00004642        1f
  _strstr
                                  00004624         0   none ,g         * 
FILE=_REL_print
                                  00004643  00006517      1ed5
  __REL_print
                                  00004643      1941   func ,g         * 
  __REL_henkan1@1
                                  00005f84        1d   func ,l         * 
  __REL_pri@1
                                  00005fa1       289   func ,l         * 
  __REL_fltgeti@1
                                  0000622a       1af   func ,l         * 
  __REL_inmod@1
                                  000063d9       13f   func ,l         * 
FILE=_COM_fdiv
                                  00006518  00006645       12e
  __COM_fdiv
                                  00006577         0   none ,g         * 
FILE=_COM_feq
                                  00006646  0000665b        16
  __COM_feq
                                  00006646         0   none ,g         * 
FILE=_COM_fge
                                  0000665c  00006671        16
  __COM_fge
                                  0000665c         0   none ,g         * 
FILE=_COM_flt
                                  00006672  00006687        16
  __COM_flt
                                  00006672         0   none ,g         * 
FILE=_COM_fmul
                                  00006688  00006774        ed
  __COM_fmul
                                  000066d3         0   none ,g         * 
FILE=_COM_fne
                                  00006775  00006785        11
  __COM_fne
                                  00006775         0   none ,g         * 
FILE=_COM_ftosl
                                  00006786  0000678d         8
  __COM_ftosl
                                  00006786         0   none ,g         * 
FILE=_COM_funordered
                                  0000678e  00006798         b
  __COM_funordered
                                  0000678e         0   none ,g         * 
FILE=_COM_sidiv
                                  00006799  000067ba        22
  __COM_sidiv
                                  0000679b         0   none ,g         * 
FILE=_COM_sirem
                                  000067bb  000067da        20
  __COM_sirem
                                  000067bb         0   none ,g         * 
FILE=_COM_ulldiv
                                  000067db  00006804        2a
  __COM_ulldiv
                                  000067db         0   none ,g         * 
FILE=_COM_ullrem
                                  00006805  00006835        31
  __COM_ullrem
                                  00006805         0   none ,g         * 
FILE=isdigit
                                  00006836  0000683f         a
  _isdigit
                                  00006836         0   none ,g         * 
FILE=_REL_f_inf
                                  00006840  00006847         8
  __REL_f_inf
                                  00006840         0   none ,g         * 
FILE=_REL_f_norm
                                  00006848  00006857        10
  __REL_f_norm
                                  00006848         0   none ,g         * 
FILE=_REL_f_round
                                  00006858  0000686a        13
  __REL_f_round
                                  00006858         0   none ,g         * 
FILE=_REL_fcmp
                                  0000686b  000068a2        38
  __REL_fcmp
                                  0000686b         0   none ,g         * 
FILE=_REL_fordered_core
                                  000068a3  000068be        1c
  __REL_fordered_core
                                  000068a3         0   none ,g         * 
FILE=_REL_ftol
                                  000068bf  000068f3        35
  __REL_ftol
                                  000068bf         0   none ,g         * 
FILE=_REL_lldiv
                                  000068f4  00006af9       206
  __REL_lldiv
                                  00006910         0   none ,g         * 
FILE=_REL_llrem
                                  00006afa  00006cfd       204
  __REL_llrem
                                  00006b17         0   none ,g         * 
FILE=_REL_ltosl
                                  00006cfe  00006d22        25
  __REL_ltosl
                                  00006cfe         0   none ,g         * 
FILE=_COM_lshr
                                  00006d23  00006d43        21
  __COM_lshr
                                  00006d2d         0   none ,g         * 

SECTION=.monitor2
FILE=rlink_generates_02
                                  0001fe00  0001ffff       200

SECTION=.bss
FILE=DefaultBuild\r_cg_main.obj
                                  000fdf00  000fe127       228
  _TEMP_BUFFER
                                  000fdf00       200   data ,g         * 
  _TIMER_COUNT
                                  000fe100         4   data ,g         * 
  _TIMER1_COUNT
                                  000fe104         4   data ,g         * 
  _at_command
                                  000fe108        1e   data ,g         * 
  _buffer_Count
                                  000fe126         1   data ,g         * 
  _READ_RESF
                                  000fe127         1   data ,g         * 
FILE=DefaultBuild\r_cg_tau_user.obj
                                  000fe128  000fe128         1
  _TCP_INIT_STATUS
                                  000fe128         1   data ,g         * 
FILE=DefaultBuild\r_cg_sau.obj
                                  000fe12a  000fe13d        14
  _gp_uart0_tx_address
                                  000fe12a         2   data ,g         * 
  _g_uart0_tx_count
                                  000fe12c         2   data ,g         * 
  _gp_uart0_rx_address
                                  000fe12e         2   data ,g         * 
  _g_uart0_rx_count
                                  000fe130         2   data ,g         * 
  _g_uart0_rx_length
                                  000fe132         2   data ,g         * 
  _gp_uart1_tx_address
                                  000fe134         2   data ,g         * 
  _g_uart1_tx_count
                                  000fe136         2   data ,g         * 
  _gp_uart1_rx_address
                                  000fe138         2   data ,g         * 
  _g_uart1_rx_count
                                  000fe13a         2   data ,g         * 
  _g_uart1_rx_length
                                  000fe13c         2   data ,g         * 
FILE=DefaultBuild\r_cg_sau_user.obj
                                  000fe13e  000fe941       804
  _TX_RX
                                  000fe13e         2   data ,g         * 
  _RX0_RECIEVED_STRING_LENGTH
                                  000fe140         1   data ,g         * 
  _RX0_BUFFER
                                  000fe141       200   data ,g         * 
  _RX1_BUFFER
                                  000fe341       400   data ,g         * 
  _HANDLING_METER_DATA
                                  000fe741         1   data ,g         * 
  _final_buffer
                                  000fe742       200   data ,g         * 
FILE=sprintf
                                  000fe942  000fe945         4
  __REL_pointer@1
                                  000fe942         4   data ,l         * 
FILE=_REL_print
                                  000fe946  000fe9c5        80
  _qt@1@_REL_inmod@1
                                  000fe946        80   data ,l         * 

SECTION=.dataR
FILE=DefaultBuild\r_cg_main.obj
                                  000fe9c6  000fe9e5        20
  _TCP_CLOSE
                                  000fe9c6         e   data ,g         * 
  _RECIEVED
                                  000fe9d4         1   data ,g         * 
  _RECIEVED_TCP
                                  000fe9d5         1   data ,g         * 
  _BUF_FLAG
                                  000fe9d6         1   data ,g         * 
  _temp_index
                                  000fe9d8         2   data ,g         * 
  _data_intex
                                  000fe9da         2   data ,g         * 
  _RETRY_COUNT
                                  000fe9dc         2   data ,g         * 
  _MODULE_MODE
                                  000fe9de         1   data ,g         * 
  _TCP_DATA_PROCESSED
                                  000fe9df         1   data ,g         * 
  _TCP_DATA
                                  000fe9e0         1   data ,g         * 
  _WAIT_COUNT
                                  000fe9e2         4   data ,g         * 
FILE=DefaultBuild\r_cg_tau_user.obj
                                  000fe9e6  000fe9e9         4
  _DATA_RECIEVED
                                  000fe9e6         1   data ,g         * 
  _START_TIMER
                                  000fe9e8         2   data ,g         * 
FILE=DefaultBuild\r_cg_sau_user.obj
                                  000fe9ea  000fe9f7         e
  _LINE_END_COUNT
                                  000fe9ea         1   data ,g         * 
  _URC_COUNT
                                  000fe9eb         1   data ,g         * 
  _METER_DATA
                                  000fe9ec         1   data ,g         * 
  _RX0_BUFFER_COUNT
                                  000fe9ee         2   data ,g         * 
  _TX0_BUFFER_COUNT
                                  000fe9f0         1   data ,g         * 
  _RX1_BUFFER_COUNT
                                  000fe9f2         2   data ,g         * 
  _TX1_BUFFER_COUNT
                                  000fe9f4         1   data ,g         * 
  _MAIN_RX_STORE_COUNT
                                  000fe9f5         1   data ,g         * 
  _END_OF_RESPONSE
                                  000fe9f6         1   data ,g         * 
  _END_OF_RESPONSE1
                                  000fe9f7         1   data ,g         * 
FILE=DefaultBuild\quecktel.obj
                                  000fe9f8  000fea39        42
  _AT_COMMAND_COUNT
                                  000fe9f8         1   data ,g         * 
  _COMPARE_MATCH1
                                  000fe9f9         1   data ,g         * 
  _at_commands
                                  000fe9fa        2c   data ,g         * 
  _THIRTY_SECONDS_CHECKS
                                  000fea26         4   data ,g         * 
  _CHECKS_RESPONSE
                                  000fea2a         6   data ,g         * 
  _COMMON_RESPONSE
                                  000fea30         4   data ,g         * 
  _EDRX_RESPONSE
                                  000fea34         4   data ,g         * 
  _TCP_ALIVE
                                  000fea38         2   data ,g         * 
FILE=DefaultBuild\quecktel_users.obj
                                  000fea3a  000fea3b         2
  _Sting_index
                                  000fea3a         2   data ,g         * 
FILE=DefaultBuild\csq.obj
                                  000fea3c  000fec8b       250
  _SIGNAL_QUALITY
                                  000fea3c       250   data ,g         * 

Absolute value symbols
FILE=rlink_generates_05
  __s.text
                                  0000039e         0   none ,g         * 
  __e.text
                                  000005b4         0   none ,g         * 
  __s.textf
                                  000005b4         0   none ,g         * 
  __e.textf
                                  00000f0f         0   none ,g         * 
  __s.const
                                  00002000         0   none ,g         * 
  __e.const
                                  00004518         0   none ,g         * 
  __s.constf
                                  00000080         0   none ,g         * 
  __e.constf
                                  00000094         0   none ,g         * 
  __s.data
                                  000000d8         0   none ,g         * 
  __e.data
                                  0000039e         0   none ,g         * 
  __s.sdata
                                  00000080         0   none ,g         * 
  __e.sdata
                                  00000080         0   none ,g         * 
  __s.bss
                                  000fdf00         0   none ,g         * 
  __e.bss
                                  000fe9c6         0   none ,g         * 
  __s.sbss
                                  000ffe20         0   none ,g         * 
  __e.sbss
                                  000ffe20         0   none ,g         * 
  __s.dataR
                                  000fe9c6         0   none ,g         * 
  __e.dataR
                                  000fec8c         0   none ,g         * 
  __s.sdataR
                                  000ffe20         0   none ,g         * 
  __e.sdataR
                                  000ffe20         0   none ,g         * 
  __s.init_array
                                  00000094         0   none ,g         * 
  __e.init_array
                                  00000094         0   none ,g         * 
  __s.RLIB
                                  000000c4         0   none ,g         * 
  __e.RLIB
                                  000000c4         0   none ,g         * 
  __s.SLIB
                                  00004518         0   none ,g         * 
  __e.SLIB
                                  00006d44         0   none ,g         * 
  __s.option_byte
                                  000000c0         0   none ,g         * 
  __e.option_byte
                                  000000c4         0   none ,g         * 
  __s.monitor1
                                  000000ce         0   none ,g         * 
  __e.monitor1
                                  000000d8         0   none ,g         * 
  __s.monitor2
                                  0001fe00         0   none ,g         * 
  __e.monitor2
                                  00020000         0   none ,g         * 
  __s.security_id
                                  000000c4         0   none ,g         * 
  __e.security_id
                                  000000ce         0   none ,g         * 
  __s.vect
                                  00000000         0   none ,g         * 
  __e.vect
                                  00000080         0   none ,g         * 
  __RAM_ADDR_START
                                  000fdf00         0   none ,g         * 
  __RAM_ADDR_END
                                  000ffee0         0   none ,g         * 
  __STACK_ADDR_START
                                  000ffe20         0   none ,g         * 
  __STACK_ADDR_END
                                  000fec8c         0   none ,g         * 

*** Unfilled Areas ***

AREA                                START    END

*** Delete Symbols ***

SYMBOL                                SIZE    INFO
