Renesas Optimizing Linker (V3.07.00 )             23-Jan-2025 16:22:32

*** Options ***

-subcommand=DefaultBuild\MOD_FW_1.clnk
-Input=DefaultBuild\cstart.obj
-Input=DefaultBuild\stkinit.obj
-Input=DefaultBuild\r_cg_main.obj
-Input=DefaultBuild\r_cg_systeminit.obj
-Input=DefaultBuild\r_cg_cgc.obj
-Input=DefaultBuild\r_cg_cgc_user.obj
-Input=DefaultBuild\r_cg_port.obj
-Input=DefaultBuild\r_cg_port_user.obj
-Input=DefaultBuild\r_cg_tau.obj
-Input=DefaultBuild\r_cg_tau_user.obj
-Input=DefaultBuild\r_cg_sau.obj
-Input=DefaultBuild\r_cg_sau_user.obj
-Input=DefaultBuild\r_cg_wdt.obj
-Input=DefaultBuild\r_cg_wdt_user.obj
-Input=DefaultBuild\quecktel.obj
-Input=DefaultBuild\quecktel_users.obj
-Input=DefaultBuild\csq.obj
-SECURITY_ID=00000000000000000000
-DEVICE=C:\Program Files (x86)\Renesas Electronics\CS+\CC\Device\RL78\Devicefile\DR5F11TLG.DVF
-DEBug
-NOCOmpress
-NOOPtimize
-OUtput=DefaultBuild\MOD_FW_1.abs
-OCDBG=84
-DEBUG_MONITOR=1FE00-1FFFF
-USER_OPT_BYTE=FFFFE0
-LISt=DefaultBuild\MOD_FW_1.map
-SHow=SYmbol,Total_size
-AUTO_SECTION_LAYOUT
-ROm=.data=.dataR
-ROm=.sdata=.sdataR
-NOMessage
-STACk
-Total_size
-NOLOgo
-LIBrary=DefaultBuild\MOD_FW_1.lib
-end

*** Error information ***

*** Mapping List ***

SECTION                            START      END         SIZE   ALIGN
.vect
                                  00000000  0000007f        80   0
.constf
                                  00000080  00000093        14   2
.init_array
                                  00000094  00000094         0   2
.sdata
                                  00000080  00000080         0   2
.option_byte
                                  000000c0  000000c3         4   1
.security_id
                                  000000c4  000000cd         a   1
.RLIB
                                  000000c4  000000c4         0   1
.monitor1
                                  000000ce  000000d7         a   1
.data
                                  000000d8  000004a5       3ce   2
.text
                                  000004a6  00000756       2b1   1
.textf
                                  00000757  00000ff0       89a   1
.const
                                  00002000  00004080      2081   2
.SLIB
                                  00004081  0000686c      27ec   1
.monitor2
                                  0001fe00  0001ffff       200   1
.bss
                                  000fdf00  000fe7db       8dc   2
.dataR
                                  000fe7dc  000feba9       3ce   2
.sbss
                                  000ffe20  000ffe20         0   2
.sdataR
                                  000ffe20  000ffe20         0   2

*** Total Section Size ***

RAMDATA SECTION:  00000caa Byte(s)
ROMDATA SECTION:  000026fb Byte(s)
PROGRAM SECTION:  00003337 Byte(s)

*** Symbol List ***

SECTION=
FILE=                               START        END    SIZE
  SYMBOL                            ADDR        SIZE    INFO      COUNTS  OPT

SECTION=.vect
FILE=rlink_generates_04
                                  00000000  0000007f        80

SECTION=.constf
FILE=_REL_print
                                  00000080  00000093        14

SECTION=.option_byte
FILE=rlink_generates_01
                                  000000c0  000000c3         4

SECTION=.security_id
FILE=rlink_generates_03
                                  000000c4  000000cd         a

SECTION=.monitor1
FILE=rlink_generates_02
                                  000000ce  000000d7         a

SECTION=.data
FILE=DefaultBuild\r_cg_main.obj
                                  000000d8  0000019d        c6
FILE=DefaultBuild\r_cg_tau_user.obj
                                  0000019e  000001a1         4
FILE=DefaultBuild\r_cg_sau_user.obj
                                  000001a2  000001ad         c
FILE=DefaultBuild\quecktel.obj
                                  000001ae  00000253        a6
FILE=DefaultBuild\quecktel_users.obj
                                  00000254  00000255         2
FILE=DefaultBuild\csq.obj
                                  00000256  000004a5       250

SECTION=.text
FILE=DefaultBuild\cstart.obj
                                  000004a6  00000518        73
  _start
                                  000004a6         0   none ,g         * 
  _exit
                                  00000516         0   none ,g         * 
  _atexit
                                  00000518         0   none ,g         * 
FILE=DefaultBuild\r_cg_tau_user.obj
                                  00000519  000005ed        d5
  _r_tau0_channel0_interrupt@1
                                  00000519        4a   func ,l         * 
  _r_tau0_channel1_interrupt@1
                                  00000563        8b   func ,l         * 
FILE=DefaultBuild\r_cg_sau_user.obj
                                  000005ee  00000754       167
  _r_uart0_interrupt_receive@1
                                  000005ee        83   func ,l         * 
  _r_uart0_interrupt_send@1
                                  00000671        47   func ,l         * 
  _r_uart1_interrupt_receive@1
                                  000006b8        55   func ,l         * 
  _r_uart1_interrupt_send@1
                                  0000070d        48   func ,l         * 
FILE=DefaultBuild\r_cg_wdt_user.obj
                                  00000755  00000756         2
  _r_wdt_interrupt@1
                                  00000755         2   func ,l         * 

SECTION=.textf
FILE=DefaultBuild\stkinit.obj
                                  00000757  0000079a        44
  _stkinit
                                  00000757         0   none ,g         * 
  LSTINIT1
                                  00000765         0   none ,l         * 
  LSTINIT2
                                  0000078f         0   none ,l         * 
  LSTINIT3
                                  0000079a         0   none ,l         * 
FILE=DefaultBuild\r_cg_main.obj
                                  0000079b  00000a75       2db
  ___delay_ms
                                  0000079b        25   func ,g         * 
  _main
                                  000007c0        f2   func ,g         * 
  _INIT_MODULE_TO_LISTEN_TCP
                                  000008b2        67   func ,g         * 
  _FETCH_TCPDATA_AND_SEND
                                  00000919        46   func ,g         * 
  _split_and_store
                                  0000095f        a2   func ,g         * 
  _CHECK_MODULE_RESPONSE
                                  00000a01        75   func ,g         * 
FILE=DefaultBuild\r_cg_systeminit.obj
                                  00000a76  00000ac6        51
  _R_Systeminit
                                  00000a76        4c   func ,g         * 
  _hdwinit
                                  00000ac2         5   func ,g         * 
FILE=DefaultBuild\r_cg_cgc.obj
                                  00000ac7  00000b40        7a
  _R_CGC_Create
                                  00000ac7        7a   func ,g         * 
FILE=DefaultBuild\r_cg_cgc_user.obj
                                  00000b41  00000b43         3
  _R_CGC_Get_ResetSource
                                  00000b41         3   func ,g         * 
FILE=DefaultBuild\r_cg_port.obj
                                  00000b44  00000b58        15
  _R_PORT_Create
                                  00000b44        15   func ,g         * 
FILE=DefaultBuild\r_cg_tau.obj
                                  00000b59  00000c3f        e7
  _R_TAU0_Create
                                  00000b59        a7   func ,g         * 
  _R_TAU0_Channel0_Start
                                  00000c00        10   func ,g         * 
  _R_TAU0_Channel0_Stop
                                  00000c10        10   func ,g         * 
  _timer1_Start
                                  00000c20        10   func ,g         * 
  _timer1_Stop
                                  00000c30        10   func ,g         * 
FILE=DefaultBuild\r_cg_tau_user.obj
                                  00000c40  00000c67        28
  _delay_In_Seconds
                                  00000c40        28   func ,g         * 
FILE=DefaultBuild\r_cg_sau.obj
                                  00000c68  00000e7f       218
  _R_SAU0_Create
                                  00000c68        14   func ,g         * 
  _R_UART0_Create
                                  00000c7c        78   func ,g         * 
  _R_UART0_Start
                                  00000cf4        26   func ,g         * 
  _R_UART0_Stop
                                  00000d1a        1e   func ,g         * 
  _R_UART0_Receive
                                  00000d38        18   func ,g         * 
  _R_UART0_Send
                                  00000d50        26   func ,g         * 
  _R_UART1_Create
                                  00000d76        88   func ,g         * 
  _R_UART1_Start
                                  00000dfe        26   func ,g         * 
  _R_UART1_Stop
                                  00000e24        1e   func ,g         * 
  _R_UART1_Receive
                                  00000e42        18   func ,g         * 
  _R_UART1_Send
                                  00000e5a        26   func ,g         * 
FILE=DefaultBuild\r_cg_sau_user.obj
                                  00000e80  00000e82         3
  _r_uart0_callback_sendend@1
                                  00000e80         1   func ,l         * 
  _r_uart0_callback_error@1
                                  00000e81         1   func ,l         * 
  _r_uart1_callback_error@1
                                  00000e82         1   func ,l         * 
FILE=DefaultBuild\r_cg_wdt.obj
                                  00000e83  00000e96        14
  _R_WDT_Create
                                  00000e83        10   func ,g         * 
  _R_WDT_Restart
                                  00000e93         4   func ,g         * 
FILE=DefaultBuild\quecktel_users.obj
                                  00000e97  00000ff0       15a
  _CHECK_OK_RESPONSE
                                  00000e97        38   func ,g         * 
  _Check_Common_Response
                                  00000ecf        35   func ,g         * 
  _Check_EDRX_Status
                                  00000f04        31   func ,g         * 
  _Check_SIM_status
                                  00000f35        35   func ,g         * 
  _Ceck_Network_Reg_status
                                  00000f6a        35   func ,g         * 
  _Check_Operator_Status
                                  00000f9f        1d   func ,g         * 
  _Check_Signal_Quality
                                  00000fbc        35   func ,g         * 

SECTION=.const
FILE=DefaultBuild\r_cg_main.obj
                                  00002000  00002011        12
FILE=DefaultBuild\quecktel.obj
                                  00002012  0000285d       84c
FILE=DefaultBuild\csq.obj
                                  0000285e  00004080      1823

SECTION=.SLIB
FILE=memset
                                  00004081  0000408e         e
  _memset
                                  00004081         0   none ,g         * 
FILE=sprintf
                                  0000408f  0000414a        bc
  _sprintf
                                  0000408f        a4   func ,g         * 
  __REL_sp@1
                                  00004133        18   func ,l         * 
FILE=strlen
                                  0000414b  00004155         b
  _strlen
                                  0000414b         0   none ,g         * 
FILE=strncmp
                                  00004156  0000416b        16
  _strncmp
                                  00004156         0   none ,g         * 
FILE=_REL_print
                                  0000416c  00006040      1ed5
  __REL_print
                                  0000416c      1941   func ,g         * 
  __REL_henkan1@1
                                  00005aad        1d   func ,l         * 
  __REL_pri@1
                                  00005aca       289   func ,l         * 
  __REL_fltgeti@1
                                  00005d53       1af   func ,l         * 
  __REL_inmod@1
                                  00005f02       13f   func ,l         * 
FILE=_COM_fdiv
                                  00006041  0000616e       12e
  __COM_fdiv
                                  000060a0         0   none ,g         * 
FILE=_COM_feq
                                  0000616f  00006184        16
  __COM_feq
                                  0000616f         0   none ,g         * 
FILE=_COM_fge
                                  00006185  0000619a        16
  __COM_fge
                                  00006185         0   none ,g         * 
FILE=_COM_flt
                                  0000619b  000061b0        16
  __COM_flt
                                  0000619b         0   none ,g         * 
FILE=_COM_fmul
                                  000061b1  0000629d        ed
  __COM_fmul
                                  000061fc         0   none ,g         * 
FILE=_COM_fne
                                  0000629e  000062ae        11
  __COM_fne
                                  0000629e         0   none ,g         * 
FILE=_COM_ftosl
                                  000062af  000062b6         8
  __COM_ftosl
                                  000062af         0   none ,g         * 
FILE=_COM_funordered
                                  000062b7  000062c1         b
  __COM_funordered
                                  000062b7         0   none ,g         * 
FILE=_COM_sidiv
                                  000062c2  000062e3        22
  __COM_sidiv
                                  000062c4         0   none ,g         * 
FILE=_COM_sirem
                                  000062e4  00006303        20
  __COM_sirem
                                  000062e4         0   none ,g         * 
FILE=_COM_ulldiv
                                  00006304  0000632d        2a
  __COM_ulldiv
                                  00006304         0   none ,g         * 
FILE=_COM_ullrem
                                  0000632e  0000635e        31
  __COM_ullrem
                                  0000632e         0   none ,g         * 
FILE=isdigit
                                  0000635f  00006368         a
  _isdigit
                                  0000635f         0   none ,g         * 
FILE=_REL_f_inf
                                  00006369  00006370         8
  __REL_f_inf
                                  00006369         0   none ,g         * 
FILE=_REL_f_norm
                                  00006371  00006380        10
  __REL_f_norm
                                  00006371         0   none ,g         * 
FILE=_REL_f_round
                                  00006381  00006393        13
  __REL_f_round
                                  00006381         0   none ,g         * 
FILE=_REL_fcmp
                                  00006394  000063cb        38
  __REL_fcmp
                                  00006394         0   none ,g         * 
FILE=_REL_fordered_core
                                  000063cc  000063e7        1c
  __REL_fordered_core
                                  000063cc         0   none ,g         * 
FILE=_REL_ftol
                                  000063e8  0000641c        35
  __REL_ftol
                                  000063e8         0   none ,g         * 
FILE=_REL_lldiv
                                  0000641d  00006622       206
  __REL_lldiv
                                  00006439         0   none ,g         * 
FILE=_REL_llrem
                                  00006623  00006826       204
  __REL_llrem
                                  00006640         0   none ,g         * 
FILE=_REL_ltosl
                                  00006827  0000684b        25
  __REL_ltosl
                                  00006827         0   none ,g         * 
FILE=_COM_lshr
                                  0000684c  0000686c        21
  __COM_lshr
                                  00006856         0   none ,g         * 

SECTION=.monitor2
FILE=rlink_generates_02
                                  0001fe00  0001ffff       200

SECTION=.bss
FILE=DefaultBuild\r_cg_main.obj
                                  000fdf00  000fe13f       240
  _at_command
                                  000fdf00        32   data ,g         * 
  _TEMP_BUFFER
                                  000fdf32       200   data ,g         * 
  _TIMER_COUNT
                                  000fe132         4   data ,g         * 
  _TIMER1_COUNT
                                  000fe136         4   data ,g         * 
  _FEEDBACK_LENGTHG
                                  000fe13a         2   data ,g         * 
  _m
                                  000fe13c         2   data ,g         * 
  _n
                                  000fe13e         2   data ,g         * 
FILE=DefaultBuild\r_cg_tau_user.obj
                                  000fe140  000fe140         1
  _TCP_INIT_STATUS
                                  000fe140         1   data ,g         * 
FILE=DefaultBuild\r_cg_sau.obj
                                  000fe142  000fe155        14
  _gp_uart0_tx_address
                                  000fe142         2   data ,g         * 
  _g_uart0_tx_count
                                  000fe144         2   data ,g         * 
  _gp_uart0_rx_address
                                  000fe146         2   data ,g         * 
  _g_uart0_rx_count
                                  000fe148         2   data ,g         * 
  _g_uart0_rx_length
                                  000fe14a         2   data ,g         * 
  _gp_uart1_tx_address
                                  000fe14c         2   data ,g         * 
  _g_uart1_tx_count
                                  000fe14e         2   data ,g         * 
  _gp_uart1_rx_address
                                  000fe150         2   data ,g         * 
  _g_uart1_rx_count
                                  000fe152         2   data ,g         * 
  _g_uart1_rx_length
                                  000fe154         2   data ,g         * 
FILE=DefaultBuild\r_cg_sau_user.obj
                                  000fe156  000fe756       601
  _RX0_RECIEVED_STRING_LENGTH
                                  000fe156         1   data ,g         * 
  _RX0_BUFFER
                                  000fe157       200   data ,g         * 
  _RX1_BUFFER
                                  000fe357       200   data ,g         * 
  _final_buffer
                                  000fe557       200   data ,g         * 
FILE=sprintf
                                  000fe758  000fe75b         4
  __REL_pointer@1
                                  000fe758         4   data ,l         * 
FILE=_REL_print
                                  000fe75c  000fe7db        80
  _qt@1@_REL_inmod@1
                                  000fe75c        80   data ,l         * 

SECTION=.dataR
FILE=DefaultBuild\r_cg_main.obj
                                  000fe7dc  000fe8a1        c6
  _TCP_SUCCESS
                                  000fe7dc        11   data ,g         * 
  _TCP_REPLY
                                  000fe7ed        12   data ,g         * 
  _TCP_CLOSE
                                  000fe7ff         e   data ,g         * 
  _TCP_OPEN
                                  000fe80d        42   data ,g         * 
  _TEST_TCP_DATA
                                  000fe84f        11   data ,g         * 
  _RECIEVED
                                  000fe860         1   data ,g         * 
  _RECIEVED_TCP
                                  000fe861         1   data ,g         * 
  _COMPARE_MATCH1
                                  000fe862         1   data ,g         * 
  _count
                                  000fe863         1   data ,g         * 
  _BUF_FLAG
                                  000fe864         1   data ,g         * 
  _AT_COMMAND_COUNT
                                  000fe865         1   data ,g         * 
  _MODULE_MODE
                                  000fe866         1   data ,g         * 
  _TCP_DATA_PROCESSED
                                  000fe867         1   data ,g         * 
  _connection_id
                                  000fe868         2   data ,g         * 
  _frame_size
                                  000fe86a         1   data ,g         * 
  _framsize
                                  000fe86b         1   data ,g         * 
  _tcp_count
                                  000fe86c         1   data ,g         * 
  _TCP_DATA
                                  000fe86d         1   data ,g         * 
  _data
                                  000fe86e        33   data ,g         * 
  _READ_RESF
                                  000fe8a1         1   data ,g         * 
FILE=DefaultBuild\r_cg_tau_user.obj
                                  000fe8a2  000fe8a5         4
  _DATA_RECIEVED
                                  000fe8a2         1   data ,g         * 
  _START_TIMER
                                  000fe8a4         2   data ,g         * 
FILE=DefaultBuild\r_cg_sau_user.obj
                                  000fe8a6  000fe8b1         c
  _LINE_END_COUNT
                                  000fe8a6         1   data ,g         * 
  _URC_COUNT
                                  000fe8a7         1   data ,g         * 
  _METER_DATA
                                  000fe8a8         1   data ,g         * 
  _RX0_BUFFER_COUNT
                                  000fe8aa         2   data ,g         * 
  _TX0_BUFFER_COUNT
                                  000fe8ac         1   data ,g         * 
  _RX1_BUFFER_COUNT
                                  000fe8ad         1   data ,g         * 
  _TX1_BUFFER_COUNT
                                  000fe8ae         1   data ,g         * 
  _MAIN_RX_STORE_COUNT
                                  000fe8af         1   data ,g         * 
  _END_OF_RESPONSE
                                  000fe8b0         1   data ,g         * 
  _END_OF_RESPONSE1
                                  000fe8b1         1   data ,g         * 
FILE=DefaultBuild\quecktel.obj
                                  000fe8b2  000fe957        a6
  _at_commands
                                  000fe8b2        2c   data ,g         * 
  _COMMON_RESPONSE
                                  000fe8de         6   data ,g         * 
  _EDRX_RESPONSE
                                  000fe8e4         4   data ,g         * 
  _SIM_QUERRY_RESPONSE
                                  000fe8e8         c   data ,g         * 
  _NETWORK_OPERATOR_STSTUS
                                  000fe8f4         2   data ,g         * 
  _NETWORK_REGI_STATUS
                                  000fe8f6        24   data ,g         * 
  _OPERATOR_STATUS
                                  000fe91a        3c   data ,g         * 
  _TCP_ALIVE
                                  000fe956         2   data ,g         * 
FILE=DefaultBuild\quecktel_users.obj
                                  000fe958  000fe959         2
  _Sting_index
                                  000fe958         2   data ,g         * 
FILE=DefaultBuild\csq.obj
                                  000fe95a  000feba9       250
  _SIGNAL_QUALITY
                                  000fe95a       250   data ,g         * 

Absolute value symbols
FILE=rlink_generates_05
  __s.text
                                  000004a6         0   none ,g         * 
  __e.text
                                  00000757         0   none ,g         * 
  __s.textf
                                  00000757         0   none ,g         * 
  __e.textf
                                  00000ff1         0   none ,g         * 
  __s.const
                                  00002000         0   none ,g         * 
  __e.const
                                  00004081         0   none ,g         * 
  __s.constf
                                  00000080         0   none ,g         * 
  __e.constf
                                  00000094         0   none ,g         * 
  __s.data
                                  000000d8         0   none ,g         * 
  __e.data
                                  000004a6         0   none ,g         * 
  __s.sdata
                                  00000080         0   none ,g         * 
  __e.sdata
                                  00000080         0   none ,g         * 
  __s.bss
                                  000fdf00         0   none ,g         * 
  __e.bss
                                  000fe7dc         0   none ,g         * 
  __s.sbss
                                  000ffe20         0   none ,g         * 
  __e.sbss
                                  000ffe20         0   none ,g         * 
  __s.dataR
                                  000fe7dc         0   none ,g         * 
  __e.dataR
                                  000febaa         0   none ,g         * 
  __s.sdataR
                                  000ffe20         0   none ,g         * 
  __e.sdataR
                                  000ffe20         0   none ,g         * 
  __s.init_array
                                  00000094         0   none ,g         * 
  __e.init_array
                                  00000094         0   none ,g         * 
  __s.RLIB
                                  000000c4         0   none ,g         * 
  __e.RLIB
                                  000000c4         0   none ,g         * 
  __s.SLIB
                                  00004081         0   none ,g         * 
  __e.SLIB
                                  0000686d         0   none ,g         * 
  __s.option_byte
                                  000000c0         0   none ,g         * 
  __e.option_byte
                                  000000c4         0   none ,g         * 
  __s.monitor1
                                  000000ce         0   none ,g         * 
  __e.monitor1
                                  000000d8         0   none ,g         * 
  __s.monitor2
                                  0001fe00         0   none ,g         * 
  __e.monitor2
                                  00020000         0   none ,g         * 
  __s.security_id
                                  000000c4         0   none ,g         * 
  __e.security_id
                                  000000ce         0   none ,g         * 
  __s.vect
                                  00000000         0   none ,g         * 
  __e.vect
                                  00000080         0   none ,g         * 
  __RAM_ADDR_START
                                  000fdf00         0   none ,g         * 
  __RAM_ADDR_END
                                  000ffee0         0   none ,g         * 
  __STACK_ADDR_START
                                  000ffe20         0   none ,g         * 
  __STACK_ADDR_END
                                  000febaa         0   none ,g         * 

*** Unfilled Areas ***

AREA                                START    END

*** Delete Symbols ***

SYMBOL                                SIZE    INFO
