Renesas Optimizing Linker (V3.07.00 )             21-Jan-2025 18:08:36

*** Options ***

-subcommand=DefaultBuild\MOD_FW_1.clnk
-Input=DefaultBuild\cstart.obj
-Input=DefaultBuild\stkinit.obj
-Input=DefaultBuild\r_cg_main.obj
-Input=DefaultBuild\r_cg_systeminit.obj
-Input=DefaultBuild\r_cg_cgc.obj
-Input=DefaultBuild\r_cg_cgc_user.obj
-Input=DefaultBuild\r_cg_port.obj
-Input=DefaultBuild\r_cg_port_user.obj
-Input=DefaultBuild\r_cg_tau.obj
-Input=DefaultBuild\r_cg_tau_user.obj
-Input=DefaultBuild\r_cg_sau.obj
-Input=DefaultBuild\r_cg_sau_user.obj
-Input=DefaultBuild\r_cg_wdt.obj
-Input=DefaultBuild\r_cg_wdt_user.obj
-Input=DefaultBuild\quecktel.obj
-Input=DefaultBuild\quecktel_users.obj
-Input=DefaultBuild\csq.obj
-SECURITY_ID=00000000000000000000
-DEVICE=C:\Program Files (x86)\Renesas Electronics\CS+\CC\Device\RL78\Devicefile\DR5F11TLG.DVF
-DEBug
-NOCOmpress
-NOOPtimize
-OUtput=DefaultBuild\MOD_FW_1.abs
-OCDBG=84
-DEBUG_MONITOR=1FE00-1FFFF
-USER_OPT_BYTE=FFFFE0
-LISt=DefaultBuild\MOD_FW_1.map
-SHow=SYmbol,Total_size
-AUTO_SECTION_LAYOUT
-ROm=.data=.dataR
-ROm=.sdata=.sdataR
-NOMessage
-STACk
-Total_size
-NOLOgo
-LIBrary=DefaultBuild\MOD_FW_1.lib
-end

*** Error information ***

*** Mapping List ***

SECTION                            START      END         SIZE   ALIGN
.vect
                                  00000000  0000007f        80   0
.constf
                                  00000080  00000093        14   2
.init_array
                                  00000094  00000094         0   2
.sdata
                                  00000080  00000080         0   2
.option_byte
                                  000000c0  000000c3         4   1
.security_id
                                  000000c4  000000cd         a   1
.RLIB
                                  000000c4  000000c4         0   1
.monitor1
                                  000000ce  000000d7         a   1
.data
                                  000000d8  00000471       39a   2
.text
                                  00000472  00000725       2b4   1
.textf
                                  00000726  00000fcc       8a7   1
.const
                                  00002000  0000405c      205d   2
.SLIB
                                  0000405d  00006848      27ec   1
.monitor2
                                  0001fe00  0001ffff       200   1
.bss
                                  000fdf00  000fe7db       8dc   2
.dataR
                                  000fe7dc  000feb75       39a   2
.sbss
                                  000ffe20  000ffe20         0   2
.sdataR
                                  000ffe20  000ffe20         0   2

*** Total Section Size ***

RAMDATA SECTION:  00000c76 Byte(s)
ROMDATA SECTION:  000026a3 Byte(s)
PROGRAM SECTION:  00003347 Byte(s)

*** Symbol List ***

SECTION=
FILE=                               START        END    SIZE
  SYMBOL                            ADDR        SIZE    INFO      COUNTS  OPT

SECTION=.vect
FILE=rlink_generates_04
                                  00000000  0000007f        80

SECTION=.constf
FILE=_REL_print
                                  00000080  00000093        14

SECTION=.option_byte
FILE=rlink_generates_01
                                  000000c0  000000c3         4

SECTION=.security_id
FILE=rlink_generates_03
                                  000000c4  000000cd         a

SECTION=.monitor1
FILE=rlink_generates_02
                                  000000ce  000000d7         a

SECTION=.data
FILE=DefaultBuild\r_cg_main.obj
                                  000000d8  0000016a        93
FILE=DefaultBuild\r_cg_tau_user.obj
                                  0000016c  0000016f         4
FILE=DefaultBuild\r_cg_sau_user.obj
                                  00000170  0000017b         c
FILE=DefaultBuild\quecktel.obj
                                  0000017c  0000021f        a4
FILE=DefaultBuild\quecktel_users.obj
                                  00000220  00000221         2
FILE=DefaultBuild\csq.obj
                                  00000222  00000471       250

SECTION=.text
FILE=DefaultBuild\cstart.obj
                                  00000472  000004e4        73
  _start
                                  00000472         0   none ,g         * 
  _exit
                                  000004e2         0   none ,g         * 
  _atexit
                                  000004e4         0   none ,g         * 
FILE=DefaultBuild\r_cg_tau_user.obj
                                  000004e5  000005b9        d5
  _r_tau0_channel0_interrupt@1
                                  000004e5        4a   func ,l         * 
  _r_tau0_channel1_interrupt@1
                                  0000052f        8b   func ,l         * 
FILE=DefaultBuild\r_cg_sau_user.obj
                                  000005ba  00000723       16a
  _r_uart0_interrupt_receive@1
                                  000005ba        83   func ,l         * 
  _r_uart0_interrupt_send@1
                                  0000063d        47   func ,l         * 
  _r_uart1_interrupt_receive@1
                                  00000684        58   func ,l         * 
  _r_uart1_interrupt_send@1
                                  000006dc        48   func ,l         * 
FILE=DefaultBuild\r_cg_wdt_user.obj
                                  00000724  00000725         2
  _r_wdt_interrupt@1
                                  00000724         2   func ,l         * 

SECTION=.textf
FILE=DefaultBuild\stkinit.obj
                                  00000726  00000769        44
  _stkinit
                                  00000726         0   none ,g         * 
  LSTINIT1
                                  00000734         0   none ,l         * 
  LSTINIT2
                                  0000075e         0   none ,l         * 
  LSTINIT3
                                  00000769         0   none ,l         * 
FILE=DefaultBuild\r_cg_main.obj
                                  0000076a  00000a51       2e8
  ___delay_ms
                                  0000076a        25   func ,g         * 
  _main
                                  0000078f        f6   func ,g         * 
  _INIT_MODULE_TO_LISTEN_TCP
                                  00000885        60   func ,g         * 
  _FETCH_TCPDATA_AND_SEND
                                  000008e5        4d   func ,g         * 
  _split_and_store
                                  00000932        a2   func ,g         * 
  _CHECK_MODULE_RESPONSE
                                  000009d4        7e   func ,g         * 
FILE=DefaultBuild\r_cg_systeminit.obj
                                  00000a52  00000aa2        51
  _R_Systeminit
                                  00000a52        4c   func ,g         * 
  _hdwinit
                                  00000a9e         5   func ,g         * 
FILE=DefaultBuild\r_cg_cgc.obj
                                  00000aa3  00000b1c        7a
  _R_CGC_Create
                                  00000aa3        7a   func ,g         * 
FILE=DefaultBuild\r_cg_cgc_user.obj
                                  00000b1d  00000b1f         3
  _R_CGC_Get_ResetSource
                                  00000b1d         3   func ,g         * 
FILE=DefaultBuild\r_cg_port.obj
                                  00000b20  00000b34        15
  _R_PORT_Create
                                  00000b20        15   func ,g         * 
FILE=DefaultBuild\r_cg_tau.obj
                                  00000b35  00000c1b        e7
  _R_TAU0_Create
                                  00000b35        a7   func ,g         * 
  _R_TAU0_Channel0_Start
                                  00000bdc        10   func ,g         * 
  _R_TAU0_Channel0_Stop
                                  00000bec        10   func ,g         * 
  _timer1_Start
                                  00000bfc        10   func ,g         * 
  _timer1_Stop
                                  00000c0c        10   func ,g         * 
FILE=DefaultBuild\r_cg_tau_user.obj
                                  00000c1c  00000c43        28
  _delay_In_Seconds
                                  00000c1c        28   func ,g         * 
FILE=DefaultBuild\r_cg_sau.obj
                                  00000c44  00000e5b       218
  _R_SAU0_Create
                                  00000c44        14   func ,g         * 
  _R_UART0_Create
                                  00000c58        78   func ,g         * 
  _R_UART0_Start
                                  00000cd0        26   func ,g         * 
  _R_UART0_Stop
                                  00000cf6        1e   func ,g         * 
  _R_UART0_Receive
                                  00000d14        18   func ,g         * 
  _R_UART0_Send
                                  00000d2c        26   func ,g         * 
  _R_UART1_Create
                                  00000d52        88   func ,g         * 
  _R_UART1_Start
                                  00000dda        26   func ,g         * 
  _R_UART1_Stop
                                  00000e00        1e   func ,g         * 
  _R_UART1_Receive
                                  00000e1e        18   func ,g         * 
  _R_UART1_Send
                                  00000e36        26   func ,g         * 
FILE=DefaultBuild\r_cg_sau_user.obj
                                  00000e5c  00000e5e         3
  _r_uart0_callback_sendend@1
                                  00000e5c         1   func ,l         * 
  _r_uart0_callback_error@1
                                  00000e5d         1   func ,l         * 
  _r_uart1_callback_error@1
                                  00000e5e         1   func ,l         * 
FILE=DefaultBuild\r_cg_wdt.obj
                                  00000e5f  00000e72        14
  _R_WDT_Create
                                  00000e5f        10   func ,g         * 
  _R_WDT_Restart
                                  00000e6f         4   func ,g         * 
FILE=DefaultBuild\quecktel_users.obj
                                  00000e73  00000fcc       15a
  _CHECK_OK_RESPONSE
                                  00000e73        38   func ,g         * 
  _Check_Common_Response
                                  00000eab        35   func ,g         * 
  _Check_EDRX_Status
                                  00000ee0        31   func ,g         * 
  _Check_SIM_status
                                  00000f11        35   func ,g         * 
  _Ceck_Network_Reg_status
                                  00000f46        35   func ,g         * 
  _Check_Operator_Status
                                  00000f7b        1d   func ,g         * 
  _Check_Sigmal_Qulity
                                  00000f98        35   func ,g         * 

SECTION=.const
FILE=DefaultBuild\r_cg_main.obj
                                  00002000  00002011        12
FILE=DefaultBuild\quecktel.obj
                                  00002012  00002839       828
FILE=DefaultBuild\csq.obj
                                  0000283a  0000405c      1823

SECTION=.SLIB
FILE=memset
                                  0000405d  0000406a         e
  _memset
                                  0000405d         0   none ,g         * 
FILE=sprintf
                                  0000406b  00004126        bc
  _sprintf
                                  0000406b        a4   func ,g         * 
  __REL_sp@1
                                  0000410f        18   func ,l         * 
FILE=strlen
                                  00004127  00004131         b
  _strlen
                                  00004127         0   none ,g         * 
FILE=strncmp
                                  00004132  00004147        16
  _strncmp
                                  00004132         0   none ,g         * 
FILE=_REL_print
                                  00004148  0000601c      1ed5
  __REL_print
                                  00004148      1941   func ,g         * 
  __REL_henkan1@1
                                  00005a89        1d   func ,l         * 
  __REL_pri@1
                                  00005aa6       289   func ,l         * 
  __REL_fltgeti@1
                                  00005d2f       1af   func ,l         * 
  __REL_inmod@1
                                  00005ede       13f   func ,l         * 
FILE=_COM_fdiv
                                  0000601d  0000614a       12e
  __COM_fdiv
                                  0000607c         0   none ,g         * 
FILE=_COM_feq
                                  0000614b  00006160        16
  __COM_feq
                                  0000614b         0   none ,g         * 
FILE=_COM_fge
                                  00006161  00006176        16
  __COM_fge
                                  00006161         0   none ,g         * 
FILE=_COM_flt
                                  00006177  0000618c        16
  __COM_flt
                                  00006177         0   none ,g         * 
FILE=_COM_fmul
                                  0000618d  00006279        ed
  __COM_fmul
                                  000061d8         0   none ,g         * 
FILE=_COM_fne
                                  0000627a  0000628a        11
  __COM_fne
                                  0000627a         0   none ,g         * 
FILE=_COM_ftosl
                                  0000628b  00006292         8
  __COM_ftosl
                                  0000628b         0   none ,g         * 
FILE=_COM_funordered
                                  00006293  0000629d         b
  __COM_funordered
                                  00006293         0   none ,g         * 
FILE=_COM_sidiv
                                  0000629e  000062bf        22
  __COM_sidiv
                                  000062a0         0   none ,g         * 
FILE=_COM_sirem
                                  000062c0  000062df        20
  __COM_sirem
                                  000062c0         0   none ,g         * 
FILE=_COM_ulldiv
                                  000062e0  00006309        2a
  __COM_ulldiv
                                  000062e0         0   none ,g         * 
FILE=_COM_ullrem
                                  0000630a  0000633a        31
  __COM_ullrem
                                  0000630a         0   none ,g         * 
FILE=isdigit
                                  0000633b  00006344         a
  _isdigit
                                  0000633b         0   none ,g         * 
FILE=_REL_f_inf
                                  00006345  0000634c         8
  __REL_f_inf
                                  00006345         0   none ,g         * 
FILE=_REL_f_norm
                                  0000634d  0000635c        10
  __REL_f_norm
                                  0000634d         0   none ,g         * 
FILE=_REL_f_round
                                  0000635d  0000636f        13
  __REL_f_round
                                  0000635d         0   none ,g         * 
FILE=_REL_fcmp
                                  00006370  000063a7        38
  __REL_fcmp
                                  00006370         0   none ,g         * 
FILE=_REL_fordered_core
                                  000063a8  000063c3        1c
  __REL_fordered_core
                                  000063a8         0   none ,g         * 
FILE=_REL_ftol
                                  000063c4  000063f8        35
  __REL_ftol
                                  000063c4         0   none ,g         * 
FILE=_REL_lldiv
                                  000063f9  000065fe       206
  __REL_lldiv
                                  00006415         0   none ,g         * 
FILE=_REL_llrem
                                  000065ff  00006802       204
  __REL_llrem
                                  0000661c         0   none ,g         * 
FILE=_REL_ltosl
                                  00006803  00006827        25
  __REL_ltosl
                                  00006803         0   none ,g         * 
FILE=_COM_lshr
                                  00006828  00006848        21
  __COM_lshr
                                  00006832         0   none ,g         * 

SECTION=.monitor2
FILE=rlink_generates_02
                                  0001fe00  0001ffff       200

SECTION=.bss
FILE=DefaultBuild\r_cg_main.obj
                                  000fdf00  000fe13f       240
  _at_command
                                  000fdf00        32   data ,g         * 
  _TEMP_BUFFER
                                  000fdf32       200   data ,g         * 
  _TIMER_COUNT
                                  000fe132         4   data ,g         * 
  _TIMER1_COUNT
                                  000fe136         4   data ,g         * 
  _FEEDBACK_LENGTHG
                                  000fe13a         2   data ,g         * 
  _m
                                  000fe13c         2   data ,g         * 
  _n
                                  000fe13e         2   data ,g         * 
FILE=DefaultBuild\r_cg_tau_user.obj
                                  000fe140  000fe140         1
  _TCP_INIT_STATUS
                                  000fe140         1   data ,g         * 
FILE=DefaultBuild\r_cg_sau.obj
                                  000fe142  000fe155        14
  _gp_uart0_tx_address
                                  000fe142         2   data ,g         * 
  _g_uart0_tx_count
                                  000fe144         2   data ,g         * 
  _gp_uart0_rx_address
                                  000fe146         2   data ,g         * 
  _g_uart0_rx_count
                                  000fe148         2   data ,g         * 
  _g_uart0_rx_length
                                  000fe14a         2   data ,g         * 
  _gp_uart1_tx_address
                                  000fe14c         2   data ,g         * 
  _g_uart1_tx_count
                                  000fe14e         2   data ,g         * 
  _gp_uart1_rx_address
                                  000fe150         2   data ,g         * 
  _g_uart1_rx_count
                                  000fe152         2   data ,g         * 
  _g_uart1_rx_length
                                  000fe154         2   data ,g         * 
FILE=DefaultBuild\r_cg_sau_user.obj
                                  000fe156  000fe756       601
  _RX0_RECIEVED_STRING_LENGTH
                                  000fe156         1   data ,g         * 
  _RX0_BUFFER
                                  000fe157       200   data ,g         * 
  _RX1_BUFFER
                                  000fe357       200   data ,g         * 
  _final_buffer
                                  000fe557       200   data ,g         * 
FILE=sprintf
                                  000fe758  000fe75b         4
  __REL_pointer@1
                                  000fe758         4   data ,l         * 
FILE=_REL_print
                                  000fe75c  000fe7db        80
  _qt@1@_REL_inmod@1
                                  000fe75c        80   data ,l         * 

SECTION=.dataR
FILE=DefaultBuild\r_cg_main.obj
                                  000fe7dc  000fe86e        93
  _TCP_SUCCESS
                                  000fe7dc        11   data ,g         * 
  _TCP_REPLY
                                  000fe7ed        12   data ,g         * 
  _TCP_CLOSE
                                  000fe7ff         e   data ,g         * 
  _TCP_OPEN
                                  000fe80d        42   data ,g         * 
  _TEST_TCP_DATA
                                  000fe84f        11   data ,g         * 
  _RECIEVED
                                  000fe860         1   data ,g         * 
  _RECIEVED_TCP
                                  000fe861         1   data ,g         * 
  _COMPARE_MATCH1
                                  000fe862         1   data ,g         * 
  _count
                                  000fe863         1   data ,g         * 
  _BUF_FLAG
                                  000fe864         1   data ,g         * 
  _AT_COMMAND_COUNT
                                  000fe865         1   data ,g         * 
  _MODULE_MODE
                                  000fe866         1   data ,g         * 
  _TCP_DATA_PROCESSED
                                  000fe867         1   data ,g         * 
  _connection_id
                                  000fe868         2   data ,g         * 
  _frame_size
                                  000fe86a         1   data ,g         * 
  _framsize
                                  000fe86b         1   data ,g         * 
  _tcp_count
                                  000fe86c         1   data ,g         * 
  _TCP_DATA
                                  000fe86d         1   data ,g         * 
  _READ_RESF
                                  000fe86e         1   data ,g         * 
FILE=DefaultBuild\r_cg_tau_user.obj
                                  000fe870  000fe873         4
  _DATA_RECIEVED
                                  000fe870         1   data ,g         * 
  _START_TIMER
                                  000fe872         2   data ,g         * 
FILE=DefaultBuild\r_cg_sau_user.obj
                                  000fe874  000fe87f         c
  _LINE_END_COUNT
                                  000fe874         1   data ,g         * 
  _URC_COUNT
                                  000fe875         1   data ,g         * 
  _METER_DATA
                                  000fe876         1   data ,g         * 
  _RX0_BUFFER_COUNT
                                  000fe878         2   data ,g         * 
  _TX0_BUFFER_COUNT
                                  000fe87a         1   data ,g         * 
  _RX1_BUFFER_COUNT
                                  000fe87b         1   data ,g         * 
  _TX1_BUFFER_COUNT
                                  000fe87c         1   data ,g         * 
  _MAIN_RX_STORE_COUNT
                                  000fe87d         1   data ,g         * 
  _END_OF_RESPONSE
                                  000fe87e         1   data ,g         * 
  _END_OF_RESPONSE1
                                  000fe87f         1   data ,g         * 
FILE=DefaultBuild\quecktel.obj
                                  000fe880  000fe923        a4
  _at_commands
                                  000fe880        2c   data ,g         * 
  _COMMON_RESPONSE
                                  000fe8ac         6   data ,g         * 
  _EDRX_RESPONSE
                                  000fe8b2         4   data ,g         * 
  _SIM_QUERRY_RESPONSE
                                  000fe8b6         c   data ,g         * 
  _NETWORK_OPERATOR_STSTUS
                                  000fe8c2         2   data ,g         * 
  _NETWORK_REGI_STATUS
                                  000fe8c4        24   data ,g         * 
  _OPERATOR_STATUS
                                  000fe8e8        3c   data ,g         * 
FILE=DefaultBuild\quecktel_users.obj
                                  000fe924  000fe925         2
  _Sting_index
                                  000fe924         2   data ,g         * 
FILE=DefaultBuild\csq.obj
                                  000fe926  000feb75       250
  _SIGNAL_QUALITY
                                  000fe926       250   data ,g         * 

Absolute value symbols
FILE=rlink_generates_05
  __s.text
                                  00000472         0   none ,g         * 
  __e.text
                                  00000726         0   none ,g         * 
  __s.textf
                                  00000726         0   none ,g         * 
  __e.textf
                                  00000fcd         0   none ,g         * 
  __s.const
                                  00002000         0   none ,g         * 
  __e.const
                                  0000405d         0   none ,g         * 
  __s.constf
                                  00000080         0   none ,g         * 
  __e.constf
                                  00000094         0   none ,g         * 
  __s.data
                                  000000d8         0   none ,g         * 
  __e.data
                                  00000472         0   none ,g         * 
  __s.sdata
                                  00000080         0   none ,g         * 
  __e.sdata
                                  00000080         0   none ,g         * 
  __s.bss
                                  000fdf00         0   none ,g         * 
  __e.bss
                                  000fe7dc         0   none ,g         * 
  __s.sbss
                                  000ffe20         0   none ,g         * 
  __e.sbss
                                  000ffe20         0   none ,g         * 
  __s.dataR
                                  000fe7dc         0   none ,g         * 
  __e.dataR
                                  000feb76         0   none ,g         * 
  __s.sdataR
                                  000ffe20         0   none ,g         * 
  __e.sdataR
                                  000ffe20         0   none ,g         * 
  __s.init_array
                                  00000094         0   none ,g         * 
  __e.init_array
                                  00000094         0   none ,g         * 
  __s.RLIB
                                  000000c4         0   none ,g         * 
  __e.RLIB
                                  000000c4         0   none ,g         * 
  __s.SLIB
                                  0000405d         0   none ,g         * 
  __e.SLIB
                                  00006849         0   none ,g         * 
  __s.option_byte
                                  000000c0         0   none ,g         * 
  __e.option_byte
                                  000000c4         0   none ,g         * 
  __s.monitor1
                                  000000ce         0   none ,g         * 
  __e.monitor1
                                  000000d8         0   none ,g         * 
  __s.monitor2
                                  0001fe00         0   none ,g         * 
  __e.monitor2
                                  00020000         0   none ,g         * 
  __s.security_id
                                  000000c4         0   none ,g         * 
  __e.security_id
                                  000000ce         0   none ,g         * 
  __s.vect
                                  00000000         0   none ,g         * 
  __e.vect
                                  00000080         0   none ,g         * 
  __RAM_ADDR_START
                                  000fdf00         0   none ,g         * 
  __RAM_ADDR_END
                                  000ffee0         0   none ,g         * 
  __STACK_ADDR_START
                                  000ffe20         0   none ,g         * 
  __STACK_ADDR_END
                                  000feb76         0   none ,g         * 

*** Unfilled Areas ***

AREA                                START    END

*** Delete Symbols ***

SYMBOL                                SIZE    INFO
