Renesas Optimizing Linker (V3.07.00 )             10-Feb-2025 18:31:59

*** Options ***

-subcommand=DefaultBuild\MOD_FW_1.clnk
-Input=DefaultBuild\cstart.obj
-Input=DefaultBuild\stkinit.obj
-Input=DefaultBuild\r_cg_main.obj
-Input=DefaultBuild\r_cg_systeminit.obj
-Input=DefaultBuild\r_cg_cgc.obj
-Input=DefaultBuild\r_cg_cgc_user.obj
-Input=DefaultBuild\r_cg_port.obj
-Input=DefaultBuild\r_cg_port_user.obj
-Input=DefaultBuild\r_cg_tau.obj
-Input=DefaultBuild\r_cg_tau_user.obj
-Input=DefaultBuild\r_cg_sau.obj
-Input=DefaultBuild\r_cg_sau_user.obj
-Input=DefaultBuild\r_cg_wdt.obj
-Input=DefaultBuild\r_cg_wdt_user.obj
-Input=DefaultBuild\quecktel.obj
-Input=DefaultBuild\quecktel_users.obj
-Input=DefaultBuild\csq.obj
-Input=DefaultBuild\simstastus.obj
-Input=DefaultBuild\networkstatus.obj
-Input=DefaultBuild\cmeerror.obj
-Input=DefaultBuild\operatorstatus.obj
-SECURITY_ID=00000000000000000000
-DEVICE=C:\Program Files (x86)\Renesas Electronics\CS+\CC\Device\RL78\Devicefile\DR5F11TLG.DVF
-DEBug
-NOCOmpress
-NOOPtimize
-OUtput=DefaultBuild\MOD_FW_1.abs
-OCDBG=84
-DEBUG_MONITOR=1FE00-1FFFF
-USER_OPT_BYTE=FFFFE0
-OCDTR
-LISt=DefaultBuild\MOD_FW_1.map
-SHow=SYmbol,Total_size
-AUTO_SECTION_LAYOUT
-ROm=.data=.dataR
-ROm=.sdata=.sdataR
-NOMessage
-STACk
-Total_size
-NOLOgo
-LIBrary=DefaultBuild\MOD_FW_1.lib
-end

*** Error information ***

*** Mapping List ***

SECTION                            START      END         SIZE   ALIGN
.vect
                                  00000000  0000007f        80   0
.constf
                                  00000080  00000093        14   2
.init_array
                                  00000094  00000094         0   2
.sdata
                                  00000080  00000080         0   2
.option_byte
                                  000000c0  000000c3         4   1
.security_id
                                  000000c4  000000cd         a   1
.RLIB
                                  000000c4  000000c4         0   1
.monitor1
                                  000000ce  000000d7         a   1
.data
                                  000000d8  000003b9       2e2   2
.text
                                  000003ba  000005bf       206   1
.textf
                                  000005c0  0000110f       b50   1
.const
                                  00002000  0000455f      2560   2
.SLIB
                                  00004560  00006d8b      282c   1
.monitor2
                                  0001fe00  0001ffff       200   1
.bss
                                  000fe700  000fefc5       8c6   2
.dataR
                                  000fefc6  000ff2a7       2e2   2
.sbss
                                  000ffe20  000ffe20         0   2
.sdataR
                                  000ffe20  000ffe20         0   2

*** Total Section Size ***

RAMDATA SECTION:  00000ba8 Byte(s)
ROMDATA SECTION:  00002aee Byte(s)
PROGRAM SECTION:  00003582 Byte(s)

*** Symbol List ***

SECTION=
FILE=                               START        END    SIZE
  SYMBOL                            ADDR        SIZE    INFO      COUNTS  OPT

SECTION=.vect
FILE=rlink_generates_04
                                  00000000  0000007f        80

SECTION=.constf
FILE=_REL_print
                                  00000080  00000093        14

SECTION=.option_byte
FILE=rlink_generates_01
                                  000000c0  000000c3         4

SECTION=.security_id
FILE=rlink_generates_03
                                  000000c4  000000cd         a

SECTION=.monitor1
FILE=rlink_generates_02
                                  000000ce  000000d7         a

SECTION=.data
FILE=DefaultBuild\r_cg_main.obj
                                  000000d8  00000102        2b
FILE=DefaultBuild\r_cg_tau_user.obj
                                  00000104  00000107         4
FILE=DefaultBuild\r_cg_sau_user.obj
                                  00000108  00000119        12
FILE=DefaultBuild\quecktel.obj
                                  0000011a  00000167        4e
FILE=DefaultBuild\quecktel_users.obj
                                  00000168  00000169         2
FILE=DefaultBuild\csq.obj
                                  0000016a  000003b9       250

SECTION=.text
FILE=DefaultBuild\cstart.obj
                                  000003ba  0000042c        73
  _start
                                  000003ba         0   none ,g         * 
  _exit
                                  0000042a         0   none ,g         * 
  _atexit
                                  0000042c         0   none ,g         * 
FILE=DefaultBuild\r_cg_tau_user.obj
                                  0000042d  0000048d        61
  _r_tau0_channel0_interrupt@1
                                  0000042d        36   func ,l         * 
  _r_tau0_channel1_interrupt@1
                                  00000463        2b   func ,l         * 
FILE=DefaultBuild\r_cg_sau_user.obj
                                  0000048e  000005bd       130
  _r_uart0_interrupt_receive@1
                                  0000048e        58   func ,l         * 
  _r_uart0_interrupt_send@1
                                  000004e6        39   func ,l         * 
  _r_uart1_interrupt_receive@1
                                  0000051f        56   func ,l         * 
  _r_uart1_interrupt_send@1
                                  00000575        49   func ,l         * 
FILE=DefaultBuild\r_cg_wdt_user.obj
                                  000005be  000005bf         2
  _r_wdt_interrupt@1
                                  000005be         2   func ,l         * 

SECTION=.textf
FILE=DefaultBuild\stkinit.obj
                                  000005c0  00000603        44
  _stkinit
                                  000005c0         0   none ,g         * 
  LSTINIT1
                                  000005ce         0   none ,l         * 
  LSTINIT2
                                  000005f8         0   none ,l         * 
  LSTINIT3
                                  00000603         0   none ,l         * 
FILE=DefaultBuild\r_cg_main.obj
                                  00000604  00000ab5       4b2
  ___delay_ms
                                  00000604        25   func ,g         * 
  _main
                                  00000629       11f   func ,g         * 
  _INIT_MODULE_TO_TCP_LISTENMODE
                                  00000748        82   func ,g         * 
  _FETCH_METERDATA_AND_SEND
                                  000007ca        36   func ,g         * 
  _FETCH_TCP_DATA
                                  00000800       1b9   func ,g         * 
  _WAIT_RECEPTION_TO_COMPLETE
                                  000009b9         6   func ,g         * 
  _TURN_ON_MODULE
                                  000009bf        24   func ,g         * 
  _Check_QIstate
                                  000009e3        5e   func ,g         * 
  _calculate_data_length
                                  00000a41        40   func ,g         * 
  _Network_Check_Activity
                                  00000a81        35   func ,g         * 
FILE=DefaultBuild\r_cg_systeminit.obj
                                  00000ab6  00000b06        51
  _R_Systeminit
                                  00000ab6        4c   func ,g         * 
  _hdwinit
                                  00000b02         5   func ,g         * 
FILE=DefaultBuild\r_cg_cgc.obj
                                  00000b07  00000b80        7a
  _R_CGC_Create
                                  00000b07        7a   func ,g         * 
FILE=DefaultBuild\r_cg_cgc_user.obj
                                  00000b81  00000b83         3
  _R_CGC_Get_ResetSource
                                  00000b81         3   func ,g         * 
FILE=DefaultBuild\r_cg_port.obj
                                  00000b84  00000b98        15
  _R_PORT_Create
                                  00000b84        15   func ,g         * 
FILE=DefaultBuild\r_cg_tau.obj
                                  00000b99  00000c81        e9
  _R_TAU0_Create
                                  00000b99        a9   func ,g         * 
  _R_TAU0_Channel0_Start
                                  00000c42        10   func ,g         * 
  _R_TAU0_Channel0_Stop
                                  00000c52        10   func ,g         * 
  _R_TAU0_Channel1_Start
                                  00000c62        10   func ,g         * 
  _R_TAU0_Channel1_Stop
                                  00000c72        10   func ,g         * 
FILE=DefaultBuild\r_cg_sau.obj
                                  00000c82  00000e99       218
  _R_SAU0_Create
                                  00000c82        14   func ,g         * 
  _R_UART0_Create
                                  00000c96        78   func ,g         * 
  _R_UART0_Start
                                  00000d0e        26   func ,g         * 
  _R_UART0_Stop
                                  00000d34        1e   func ,g         * 
  _R_UART0_Receive
                                  00000d52        18   func ,g         * 
  _R_UART0_Send
                                  00000d6a        26   func ,g         * 
  _R_UART1_Create
                                  00000d90        88   func ,g         * 
  _R_UART1_Start
                                  00000e18        26   func ,g         * 
  _R_UART1_Stop
                                  00000e3e        1e   func ,g         * 
  _R_UART1_Receive
                                  00000e5c        18   func ,g         * 
  _R_UART1_Send
                                  00000e74        26   func ,g         * 
FILE=DefaultBuild\r_cg_sau_user.obj
                                  00000e9a  00000e9f         6
  _r_uart0_callback_error@1
                                  00000e9a         1   func ,l         * 
  _r_uart1_callback_error@1
                                  00000e9b         5   func ,l         * 
FILE=DefaultBuild\r_cg_wdt.obj
                                  00000ea0  00000eb3        14
  _R_WDT_Create
                                  00000ea0        10   func ,g         * 
  _R_WDT_Restart
                                  00000eb0         4   func ,g         * 
FILE=DefaultBuild\quecktel.obj
                                  00000eb4  00000f53        a0
  _CHECK_MODULE_RESPONSE
                                  00000eb4        68   func ,g         * 
  _Check_QISTATE
                                  00000f1c        38   func ,g         * 
FILE=DefaultBuild\quecktel_users.obj
                                  00000f54  00001026        d3
  _CHECK_OK_RESPONSE
                                  00000f54        38   func ,g         * 
  _Check_Common_Response
                                  00000f8c        35   func ,g         * 
  _Check_EDRX_Status
                                  00000fc1        31   func ,g         * 
  _Check_Signal_Quality
                                  00000ff2        35   func ,g         * 
FILE=DefaultBuild\simstastus.obj
                                  00001027  00001067        41
  _Check_SIM_status
                                  00001027        41   func ,g         * 
FILE=DefaultBuild\networkstatus.obj
                                  00001068  000010b3        4c
  _Check_Network_Reg_status
                                  00001068        4c   func ,g         * 
FILE=DefaultBuild\operatorstatus.obj
                                  000010b4  0000110f        5c
  _Check_Operator_Status
                                  000010b4        5c   func ,g         * 

SECTION=.const
FILE=DefaultBuild\r_cg_main.obj
                                  00002000  00002011        12
FILE=DefaultBuild\quecktel.obj
                                  00002012  00002235       224
FILE=DefaultBuild\csq.obj
                                  00002236  00003a58      1823
FILE=DefaultBuild\simstastus.obj
                                  00003a5a  00003af8        9f
  _CPIN_RESPONSE
                                  00003a5a        18   data ,g         * 
FILE=DefaultBuild\networkstatus.obj
                                  00003afa  00003ca2       1a9
  _NETWORK_RESPONSE
                                  00003afa        44   data ,g         * 
FILE=DefaultBuild\cmeerror.obj
                                  00003ca4  00004037       394
  _CME_ERROR_RESPONSE
                                  00003ca4        a0   data ,g         * 
FILE=DefaultBuild\operatorstatus.obj
                                  00004038  0000455f       528
  _OPERATOR_STATUS_RESPONSE
                                  00004038        f0   data ,g         * 

SECTION=.SLIB
FILE=memset
                                  00004560  0000456d         e
  _memset
                                  00004560         0   none ,g         * 
FILE=sprintf
                                  0000456e  00004629        bc
  _sprintf
                                  0000456e        a4   func ,g         * 
  __REL_sp@1
                                  00004612        18   func ,l         * 
FILE=strcmp
                                  0000462a  0000463a        11
  _strcmp
                                  0000462a         0   none ,g         * 
FILE=strlen
                                  0000463b  00004645         b
  _strlen
                                  0000463b         0   none ,g         * 
FILE=strncmp
                                  00004646  0000465b        16
  _strncmp
                                  00004646         0   none ,g         * 
FILE=strrchr
                                  0000465c  0000466b        10
  _strrchr
                                  0000465c         0   none ,g         * 
FILE=strstr
                                  0000466c  0000468a        1f
  _strstr
                                  0000466c         0   none ,g         * 
FILE=_REL_print
                                  0000468b  0000655f      1ed5
  __REL_print
                                  0000468b      1941   func ,g         * 
  __REL_henkan1@1
                                  00005fcc        1d   func ,l         * 
  __REL_pri@1
                                  00005fe9       289   func ,l         * 
  __REL_fltgeti@1
                                  00006272       1af   func ,l         * 
  __REL_inmod@1
                                  00006421       13f   func ,l         * 
FILE=_COM_fdiv
                                  00006560  0000668d       12e
  __COM_fdiv
                                  000065bf         0   none ,g         * 
FILE=_COM_feq
                                  0000668e  000066a3        16
  __COM_feq
                                  0000668e         0   none ,g         * 
FILE=_COM_fge
                                  000066a4  000066b9        16
  __COM_fge
                                  000066a4         0   none ,g         * 
FILE=_COM_flt
                                  000066ba  000066cf        16
  __COM_flt
                                  000066ba         0   none ,g         * 
FILE=_COM_fmul
                                  000066d0  000067bc        ed
  __COM_fmul
                                  0000671b         0   none ,g         * 
FILE=_COM_fne
                                  000067bd  000067cd        11
  __COM_fne
                                  000067bd         0   none ,g         * 
FILE=_COM_ftosl
                                  000067ce  000067d5         8
  __COM_ftosl
                                  000067ce         0   none ,g         * 
FILE=_COM_funordered
                                  000067d6  000067e0         b
  __COM_funordered
                                  000067d6         0   none ,g         * 
FILE=_COM_sidiv
                                  000067e1  00006802        22
  __COM_sidiv
                                  000067e3         0   none ,g         * 
FILE=_COM_sirem
                                  00006803  00006822        20
  __COM_sirem
                                  00006803         0   none ,g         * 
FILE=_COM_ulldiv
                                  00006823  0000684c        2a
  __COM_ulldiv
                                  00006823         0   none ,g         * 
FILE=_COM_ullrem
                                  0000684d  0000687d        31
  __COM_ullrem
                                  0000684d         0   none ,g         * 
FILE=isdigit
                                  0000687e  00006887         a
  _isdigit
                                  0000687e         0   none ,g         * 
FILE=_REL_f_inf
                                  00006888  0000688f         8
  __REL_f_inf
                                  00006888         0   none ,g         * 
FILE=_REL_f_norm
                                  00006890  0000689f        10
  __REL_f_norm
                                  00006890         0   none ,g         * 
FILE=_REL_f_round
                                  000068a0  000068b2        13
  __REL_f_round
                                  000068a0         0   none ,g         * 
FILE=_REL_fcmp
                                  000068b3  000068ea        38
  __REL_fcmp
                                  000068b3         0   none ,g         * 
FILE=_REL_fordered_core
                                  000068eb  00006906        1c
  __REL_fordered_core
                                  000068eb         0   none ,g         * 
FILE=_REL_ftol
                                  00006907  0000693b        35
  __REL_ftol
                                  00006907         0   none ,g         * 
FILE=_REL_lldiv
                                  0000693c  00006b41       206
  __REL_lldiv
                                  00006958         0   none ,g         * 
FILE=_REL_llrem
                                  00006b42  00006d45       204
  __REL_llrem
                                  00006b5f         0   none ,g         * 
FILE=_REL_ltosl
                                  00006d46  00006d6a        25
  __REL_ltosl
                                  00006d46         0   none ,g         * 
FILE=_COM_lshr
                                  00006d6b  00006d8b        21
  __COM_lshr
                                  00006d75         0   none ,g         * 

SECTION=.monitor2
FILE=rlink_generates_02
                                  0001fe00  0001ffff       200

SECTION=.bss
FILE=DefaultBuild\r_cg_main.obj
                                  000fe700  000fe927       228
  _TEMP_BUFFER
                                  000fe700       200   data ,g         * 
  _TIMER_COUNT
                                  000fe900         4   data ,g         * 
  _TIMER1_COUNT
                                  000fe904         4   data ,g         * 
  _at_command
                                  000fe908        1e   data ,g         * 
  _buffer_Count
                                  000fe926         1   data ,g         * 
  _READ_RESF
                                  000fe927         1   data ,g         * 
FILE=DefaultBuild\r_cg_sau.obj
                                  000fe928  000fe93b        14
  _gp_uart0_tx_address
                                  000fe928         2   data ,g         * 
  _g_uart0_tx_count
                                  000fe92a         2   data ,g         * 
  _gp_uart0_rx_address
                                  000fe92c         2   data ,g         * 
  _g_uart0_rx_count
                                  000fe92e         2   data ,g         * 
  _g_uart0_rx_length
                                  000fe930         2   data ,g         * 
  _gp_uart1_tx_address
                                  000fe932         2   data ,g         * 
  _g_uart1_tx_count
                                  000fe934         2   data ,g         * 
  _gp_uart1_rx_address
                                  000fe936         2   data ,g         * 
  _g_uart1_rx_count
                                  000fe938         2   data ,g         * 
  _g_uart1_rx_length
                                  000fe93a         2   data ,g         * 
FILE=DefaultBuild\r_cg_sau_user.obj
                                  000fe93c  000fef41       606
  _TX_RX
                                  000fe93c         2   data ,g         * 
  _DATA_RECIEVED
                                  000fe93e         1   data ,g         * 
  _TCP_INIT_STATUS
                                  000fe93f         1   data ,g         * 
  _RX0_RECIEVED_STRING_LENGTH
                                  000fe940         1   data ,g         * 
  _RX0_BUFFER
                                  000fe941       200   data ,g         * 
  _RX1_BUFFER
                                  000feb41       400   data ,g         * 
  _HANDLING_METER_DATA
                                  000fef41         1   data ,g         * 
FILE=sprintf
                                  000fef42  000fef45         4
  __REL_pointer@1
                                  000fef42         4   data ,l         * 
FILE=_REL_print
                                  000fef46  000fefc5        80
  _qt@1@_REL_inmod@1
                                  000fef46        80   data ,l         * 

SECTION=.dataR
FILE=DefaultBuild\r_cg_main.obj
                                  000fefc6  000feff0        2b
  _TCP_CLOSE
                                  000fefc6         e   data ,g         * 
  _QISTATE
                                  000fefd4         c   data ,g         * 
  _data_length
                                  000fefe0         2   data ,g         * 
  _RECIEVED
                                  000fefe2         1   data ,g         * 
  _RECIEVED_TCP
                                  000fefe3         1   data ,g         * 
  _BUF_FLAG
                                  000fefe4         1   data ,g         * 
  _temp_index
                                  000fefe6         2   data ,g         * 
  _data_intex
                                  000fefe8         2   data ,g         * 
  _RETRY_COUNT
                                  000fefea         2   data ,g         * 
  _MODULE_MODE
                                  000fefec         1   data ,g         * 
  _TCP_DATA_PROCESSED
                                  000fefed         1   data ,g         * 
  _TCP_DATA
                                  000fefee         1   data ,g         * 
  _DATA_RECIEVEING
                                  000fefef         1   data ,g         * 
  _size_atcommand
                                  000feff0         1   data ,g         * 
FILE=DefaultBuild\r_cg_tau_user.obj
                                  000feff2  000feff5         4
  _WAIT_COUNT
                                  000feff2         4   data ,g         * 
FILE=DefaultBuild\r_cg_sau_user.obj
                                  000feff6  000ff007        12
  _LINE_END_COUNT
                                  000feff6         1   data ,g         * 
  _URC_COUNT
                                  000feff7         1   data ,g         * 
  _METER_DATA
                                  000feff8         1   data ,g         * 
  _RX0_BUFFER_COUNT
                                  000feffa         2   data ,g         * 
  _TX0_BUFFER_COUNT
                                  000feffc         1   data ,g         * 
  _r1_BUFFER_COUNT
                                  000feffe         2   data ,g         * 
  _RX1_BUFFER_COUNT
                                  000ff000         2   data ,g         * 
  _TX1_BUFFER_COUNT
                                  000ff002         1   data ,g         * 
  _MAIN_RX_STORE_COUNT
                                  000ff003         1   data ,g         * 
  _END_OF_RESPONSE
                                  000ff004         1   data ,g         * 
  _END_OF_RESPONSE1
                                  000ff005         1   data ,g         * 
  _send_count
                                  000ff006         2   data ,g         * 
FILE=DefaultBuild\quecktel.obj
                                  000ff008  000ff055        4e
  _AT_COMMAND_COUNT
                                  000ff008         1   data ,g         * 
  _COMPARE_MATCH1
                                  000ff009         1   data ,g         * 
  _ENABLE_URC
                                  000ff00a         b   data ,g         * 
  _at_commands
                                  000ff016        2c   data ,g         * 
  _THIRTY_SECONDS_CHECKS
                                  000ff042         6   data ,g         * 
  _CHECKS_RESPONSE
                                  000ff048         4   data ,g         * 
  _COMMON_RESPONSE
                                  000ff04c         4   data ,g         * 
  _EDRX_RESPONSE
                                  000ff050         4   data ,g         * 
  _TCP_ALIVE
                                  000ff054         2   data ,g         * 
FILE=DefaultBuild\quecktel_users.obj
                                  000ff056  000ff057         2
  _Sting_index
                                  000ff056         2   data ,g         * 
FILE=DefaultBuild\csq.obj
                                  000ff058  000ff2a7       250
  _SIGNAL_QUALITY
                                  000ff058       250   data ,g         * 

Absolute value symbols
FILE=DefaultBuild\quecktel.obj
  @$IMM_2C
                                  0000002c         0   none ,l         * 
FILE=rlink_generates_05
  __s.text
                                  000003ba         0   none ,g         * 
  __e.text
                                  000005c0         0   none ,g         * 
  __s.textf
                                  000005c0         0   none ,g         * 
  __e.textf
                                  00001110         0   none ,g         * 
  __s.const
                                  00002000         0   none ,g         * 
  __e.const
                                  00004560         0   none ,g         * 
  __s.constf
                                  00000080         0   none ,g         * 
  __e.constf
                                  00000094         0   none ,g         * 
  __s.data
                                  000000d8         0   none ,g         * 
  __e.data
                                  000003ba         0   none ,g         * 
  __s.sdata
                                  00000080         0   none ,g         * 
  __e.sdata
                                  00000080         0   none ,g         * 
  __s.bss
                                  000fe700         0   none ,g         * 
  __e.bss
                                  000fefc6         0   none ,g         * 
  __s.sbss
                                  000ffe20         0   none ,g         * 
  __e.sbss
                                  000ffe20         0   none ,g         * 
  __s.dataR
                                  000fefc6         0   none ,g         * 
  __e.dataR
                                  000ff2a8         0   none ,g         * 
  __s.sdataR
                                  000ffe20         0   none ,g         * 
  __e.sdataR
                                  000ffe20         0   none ,g         * 
  __s.init_array
                                  00000094         0   none ,g         * 
  __e.init_array
                                  00000094         0   none ,g         * 
  __s.RLIB
                                  000000c4         0   none ,g         * 
  __e.RLIB
                                  000000c4         0   none ,g         * 
  __s.SLIB
                                  00004560         0   none ,g         * 
  __e.SLIB
                                  00006d8c         0   none ,g         * 
  __s.option_byte
                                  000000c0         0   none ,g         * 
  __e.option_byte
                                  000000c4         0   none ,g         * 
  __s.monitor1
                                  000000ce         0   none ,g         * 
  __e.monitor1
                                  000000d8         0   none ,g         * 
  __s.monitor2
                                  0001fe00         0   none ,g         * 
  __e.monitor2
                                  00020000         0   none ,g         * 
  __s.security_id
                                  000000c4         0   none ,g         * 
  __e.security_id
                                  000000ce         0   none ,g         * 
  __s.vect
                                  00000000         0   none ,g         * 
  __e.vect
                                  00000080         0   none ,g         * 
  __RAM_ADDR_START
                                  000fdf00         0   none ,g         * 
  __RAM_ADDR_END
                                  000ffee0         0   none ,g         * 
  __STACK_ADDR_START
                                  000ffe20         0   none ,g         * 
  __STACK_ADDR_END
                                  000ff2a8         0   none ,g         * 

*** Unfilled Areas ***

AREA                                START    END

*** Delete Symbols ***

SYMBOL                                SIZE    INFO
