Renesas Optimizing Linker (V3.07.00 )             27-Jan-2025 14:45:06

*** Options ***

-subcommand=DefaultBuild\MOD_FW_1.clnk
-Input=DefaultBuild\cstart.obj
-Input=DefaultBuild\stkinit.obj
-Input=DefaultBuild\r_cg_main.obj
-Input=DefaultBuild\r_cg_systeminit.obj
-Input=DefaultBuild\r_cg_cgc.obj
-Input=DefaultBuild\r_cg_cgc_user.obj
-Input=DefaultBuild\r_cg_port.obj
-Input=DefaultBuild\r_cg_port_user.obj
-Input=DefaultBuild\r_cg_tau.obj
-Input=DefaultBuild\r_cg_tau_user.obj
-Input=DefaultBuild\r_cg_sau.obj
-Input=DefaultBuild\r_cg_sau_user.obj
-Input=DefaultBuild\r_cg_wdt.obj
-Input=DefaultBuild\r_cg_wdt_user.obj
-Input=DefaultBuild\quecktel.obj
-Input=DefaultBuild\quecktel_users.obj
-Input=DefaultBuild\csq.obj
-Input=DefaultBuild\simstastus.obj
-Input=DefaultBuild\networkstatus.obj
-SECURITY_ID=00000000000000000000
-DEVICE=C:\Program Files (x86)\Renesas Electronics\CS+\CC\Device\RL78\Devicefile\DR5F11TLG.DVF
-DEBug
-NOCOmpress
-NOOPtimize
-OUtput=DefaultBuild\MOD_FW_1.abs
-OCDBG=84
-DEBUG_MONITOR=1FE00-1FFFF
-USER_OPT_BYTE=FFFFE0
-LISt=DefaultBuild\MOD_FW_1.map
-SHow=SYmbol,Total_size
-AUTO_SECTION_LAYOUT
-ROm=.data=.dataR
-ROm=.sdata=.sdataR
-NOMessage
-STACk
-Total_size
-NOLOgo
-LIBrary=DefaultBuild\MOD_FW_1.lib
-end

*** Error information ***

*** Mapping List ***

SECTION                            START      END         SIZE   ALIGN
.vect
                                  00000000  0000007f        80   0
.constf
                                  00000080  00000093        14   2
.init_array
                                  00000094  00000094         0   2
.sdata
                                  00000080  00000080         0   2
.option_byte
                                  000000c0  000000c3         4   1
.security_id
                                  000000c4  000000cd         a   1
.RLIB
                                  000000c4  000000c4         0   1
.monitor1
                                  000000ce  000000d7         a   1
.data
                                  000000d8  00000421       34a   2
.text
                                  00000422  0000069f       27e   1
.textf
                                  000006a0  00000f6d       8ce   1
.const
                                  00002000  00004244      2245   2
.SLIB
                                  00004245  00006a4f      280b   1
.monitor2
                                  0001fe00  0001ffff       200   1
.bss
                                  000fdf00  000fe7c3       8c4   2
.dataR
                                  000fe7c4  000feb0d       34a   2
.sbss
                                  000ffe20  000ffe20         0   2
.sdataR
                                  000ffe20  000ffe20         0   2

*** Total Section Size ***

RAMDATA SECTION:  00000c0e Byte(s)
ROMDATA SECTION:  0000283b Byte(s)
PROGRAM SECTION:  00003357 Byte(s)

*** Symbol List ***

SECTION=
FILE=                               START        END    SIZE
  SYMBOL                            ADDR        SIZE    INFO      COUNTS  OPT

SECTION=.vect
FILE=rlink_generates_04
                                  00000000  0000007f        80

SECTION=.constf
FILE=_REL_print
                                  00000080  00000093        14

SECTION=.option_byte
FILE=rlink_generates_01
                                  000000c0  000000c3         4

SECTION=.security_id
FILE=rlink_generates_03
                                  000000c4  000000cd         a

SECTION=.monitor1
FILE=rlink_generates_02
                                  000000ce  000000d7         a

SECTION=.data
FILE=DefaultBuild\r_cg_main.obj
                                  000000d8  00000125        4e
FILE=DefaultBuild\r_cg_tau_user.obj
                                  00000126  00000129         4
FILE=DefaultBuild\r_cg_sau_user.obj
                                  0000012a  00000135         c
FILE=DefaultBuild\quecktel.obj
                                  00000136  000001cf        9a
FILE=DefaultBuild\quecktel_users.obj
                                  000001d0  000001d1         2
FILE=DefaultBuild\csq.obj
                                  000001d2  00000421       250

SECTION=.text
FILE=DefaultBuild\cstart.obj
                                  00000422  00000494        73
  _start
                                  00000422         0   none ,g         * 
  _exit
                                  00000492         0   none ,g         * 
  _atexit
                                  00000494         0   none ,g         * 
FILE=DefaultBuild\r_cg_tau_user.obj
                                  00000495  00000572        de
  _r_tau0_channel0_interrupt@1
                                  00000495        4a   func ,l         * 
  _r_tau0_channel1_interrupt@1
                                  000004df        94   func ,l         * 
FILE=DefaultBuild\r_cg_sau_user.obj
                                  00000573  0000069d       12b
  _r_uart0_interrupt_receive@1
                                  00000573        4c   func ,l         * 
  _r_uart0_interrupt_send@1
                                  000005bf        47   func ,l         * 
  _r_uart1_interrupt_receive@1
                                  00000606        4c   func ,l         * 
  _r_uart1_interrupt_send@1
                                  00000652        4c   func ,l         * 
FILE=DefaultBuild\r_cg_wdt_user.obj
                                  0000069e  0000069f         2
  _r_wdt_interrupt@1
                                  0000069e         2   func ,l         * 

SECTION=.textf
FILE=DefaultBuild\stkinit.obj
                                  000006a0  000006e3        44
  _stkinit
                                  000006a0         0   none ,g         * 
  LSTINIT1
                                  000006ae         0   none ,l         * 
  LSTINIT2
                                  000006d8         0   none ,l         * 
  LSTINIT3
                                  000006e3         0   none ,l         * 
FILE=DefaultBuild\r_cg_main.obj
                                  000006e4  000009e3       300
  ___delay_ms
                                  000006e4        25   func ,g         * 
  _main
                                  00000709        bc   func ,g         * 
  _INIT_MODULE_TO_TCP_LISTENMODE
                                  000007c5        67   func ,g         * 
  _FETCH_METERDATA_AND_SEND
                                  0000082c        4a   func ,g         * 
  _FETCH_TCP_DATA
                                  00000876        c3   func ,g         * 
  _CHECK_MODULE_RESPONSE
                                  00000939        75   func ,g         * 
  _WAIT_RECEPTION_TO_COMPLETE
                                  000009ae        12   func ,g         * 
  _TURN_ON_MODULE
                                  000009c0        24   func ,g         * 
FILE=DefaultBuild\r_cg_systeminit.obj
                                  000009e4  00000a34        51
  _R_Systeminit
                                  000009e4        4c   func ,g         * 
  _hdwinit
                                  00000a30         5   func ,g         * 
FILE=DefaultBuild\r_cg_cgc.obj
                                  00000a35  00000aae        7a
  _R_CGC_Create
                                  00000a35        7a   func ,g         * 
FILE=DefaultBuild\r_cg_cgc_user.obj
                                  00000aaf  00000ab1         3
  _R_CGC_Get_ResetSource
                                  00000aaf         3   func ,g         * 
FILE=DefaultBuild\r_cg_port.obj
                                  00000ab2  00000ac6        15
  _R_PORT_Create
                                  00000ab2        15   func ,g         * 
FILE=DefaultBuild\r_cg_tau.obj
                                  00000ac7  00000bad        e7
  _R_TAU0_Create
                                  00000ac7        a7   func ,g         * 
  _R_TAU0_Channel0_Start
                                  00000b6e        10   func ,g         * 
  _R_TAU0_Channel0_Stop
                                  00000b7e        10   func ,g         * 
  _timer1_Start
                                  00000b8e        10   func ,g         * 
  _timer1_Stop
                                  00000b9e        10   func ,g         * 
FILE=DefaultBuild\r_cg_tau_user.obj
                                  00000bae  00000bd5        28
  _delay_In_Seconds
                                  00000bae        28   func ,g         * 
FILE=DefaultBuild\r_cg_sau.obj
                                  00000bd6  00000ded       218
  _R_SAU0_Create
                                  00000bd6        14   func ,g         * 
  _R_UART0_Create
                                  00000bea        78   func ,g         * 
  _R_UART0_Start
                                  00000c62        26   func ,g         * 
  _R_UART0_Stop
                                  00000c88        1e   func ,g         * 
  _R_UART0_Receive
                                  00000ca6        18   func ,g         * 
  _R_UART0_Send
                                  00000cbe        26   func ,g         * 
  _R_UART1_Create
                                  00000ce4        88   func ,g         * 
  _R_UART1_Start
                                  00000d6c        26   func ,g         * 
  _R_UART1_Stop
                                  00000d92        1e   func ,g         * 
  _R_UART1_Receive
                                  00000db0        18   func ,g         * 
  _R_UART1_Send
                                  00000dc8        26   func ,g         * 
FILE=DefaultBuild\r_cg_sau_user.obj
                                  00000dee  00000df0         3
  _r_uart0_callback_sendend@1
                                  00000dee         1   func ,l         * 
  _r_uart0_callback_error@1
                                  00000def         1   func ,l         * 
  _r_uart1_callback_error@1
                                  00000df0         1   func ,l         * 
FILE=DefaultBuild\r_cg_wdt.obj
                                  00000df1  00000e04        14
  _R_WDT_Create
                                  00000df1        10   func ,g         * 
  _R_WDT_Restart
                                  00000e01         4   func ,g         * 
FILE=DefaultBuild\quecktel_users.obj
                                  00000e05  00000ef4        f0
  _CHECK_OK_RESPONSE
                                  00000e05        38   func ,g         * 
  _Check_Common_Response
                                  00000e3d        35   func ,g         * 
  _Check_EDRX_Status
                                  00000e72        31   func ,g         * 
  _Check_Operator_Status
                                  00000ea3        1d   func ,g         * 
  _Check_Signal_Quality
                                  00000ec0        35   func ,g         * 
FILE=DefaultBuild\simstastus.obj
                                  00000ef5  00000f35        41
  _Check_SIM_status
                                  00000ef5        41   func ,g         * 
FILE=DefaultBuild\networkstatus.obj
                                  00000f36  00000f6d        38
  _Check_Network_Reg_status
                                  00000f36        38   func ,g         * 

SECTION=.const
FILE=DefaultBuild\r_cg_main.obj
                                  00002000  00002011        12
FILE=DefaultBuild\quecktel.obj
                                  00002012  000027d6       7c5
FILE=DefaultBuild\csq.obj
                                  000027d8  00003ffa      1823
FILE=DefaultBuild\simstastus.obj
                                  00003ffc  0000409a        9f
  _CPIN_RESPONSE
                                  00003ffc        18   data ,g         * 
FILE=DefaultBuild\networkstatus.obj
                                  0000409c  00004244       1a9
  _NETWORK_RESPONSE
                                  0000409c        44   data ,g         * 

SECTION=.SLIB
FILE=memset
                                  00004245  00004252         e
  _memset
                                  00004245         0   none ,g         * 
FILE=sprintf
                                  00004253  0000430e        bc
  _sprintf
                                  00004253        a4   func ,g         * 
  __REL_sp@1
                                  000042f7        18   func ,l         * 
FILE=strlen
                                  0000430f  00004319         b
  _strlen
                                  0000430f         0   none ,g         * 
FILE=strncmp
                                  0000431a  0000432f        16
  _strncmp
                                  0000431a         0   none ,g         * 
FILE=strstr
                                  00004330  0000434e        1f
  _strstr
                                  00004330         0   none ,g         * 
FILE=_REL_print
                                  0000434f  00006223      1ed5
  __REL_print
                                  0000434f      1941   func ,g         * 
  __REL_henkan1@1
                                  00005c90        1d   func ,l         * 
  __REL_pri@1
                                  00005cad       289   func ,l         * 
  __REL_fltgeti@1
                                  00005f36       1af   func ,l         * 
  __REL_inmod@1
                                  000060e5       13f   func ,l         * 
FILE=_COM_fdiv
                                  00006224  00006351       12e
  __COM_fdiv
                                  00006283         0   none ,g         * 
FILE=_COM_feq
                                  00006352  00006367        16
  __COM_feq
                                  00006352         0   none ,g         * 
FILE=_COM_fge
                                  00006368  0000637d        16
  __COM_fge
                                  00006368         0   none ,g         * 
FILE=_COM_flt
                                  0000637e  00006393        16
  __COM_flt
                                  0000637e         0   none ,g         * 
FILE=_COM_fmul
                                  00006394  00006480        ed
  __COM_fmul
                                  000063df         0   none ,g         * 
FILE=_COM_fne
                                  00006481  00006491        11
  __COM_fne
                                  00006481         0   none ,g         * 
FILE=_COM_ftosl
                                  00006492  00006499         8
  __COM_ftosl
                                  00006492         0   none ,g         * 
FILE=_COM_funordered
                                  0000649a  000064a4         b
  __COM_funordered
                                  0000649a         0   none ,g         * 
FILE=_COM_sidiv
                                  000064a5  000064c6        22
  __COM_sidiv
                                  000064a7         0   none ,g         * 
FILE=_COM_sirem
                                  000064c7  000064e6        20
  __COM_sirem
                                  000064c7         0   none ,g         * 
FILE=_COM_ulldiv
                                  000064e7  00006510        2a
  __COM_ulldiv
                                  000064e7         0   none ,g         * 
FILE=_COM_ullrem
                                  00006511  00006541        31
  __COM_ullrem
                                  00006511         0   none ,g         * 
FILE=isdigit
                                  00006542  0000654b         a
  _isdigit
                                  00006542         0   none ,g         * 
FILE=_REL_f_inf
                                  0000654c  00006553         8
  __REL_f_inf
                                  0000654c         0   none ,g         * 
FILE=_REL_f_norm
                                  00006554  00006563        10
  __REL_f_norm
                                  00006554         0   none ,g         * 
FILE=_REL_f_round
                                  00006564  00006576        13
  __REL_f_round
                                  00006564         0   none ,g         * 
FILE=_REL_fcmp
                                  00006577  000065ae        38
  __REL_fcmp
                                  00006577         0   none ,g         * 
FILE=_REL_fordered_core
                                  000065af  000065ca        1c
  __REL_fordered_core
                                  000065af         0   none ,g         * 
FILE=_REL_ftol
                                  000065cb  000065ff        35
  __REL_ftol
                                  000065cb         0   none ,g         * 
FILE=_REL_lldiv
                                  00006600  00006805       206
  __REL_lldiv
                                  0000661c         0   none ,g         * 
FILE=_REL_llrem
                                  00006806  00006a09       204
  __REL_llrem
                                  00006823         0   none ,g         * 
FILE=_REL_ltosl
                                  00006a0a  00006a2e        25
  __REL_ltosl
                                  00006a0a         0   none ,g         * 
FILE=_COM_lshr
                                  00006a2f  00006a4f        21
  __COM_lshr
                                  00006a39         0   none ,g         * 

SECTION=.monitor2
FILE=rlink_generates_02
                                  0001fe00  0001ffff       200

SECTION=.bss
FILE=DefaultBuild\r_cg_main.obj
                                  000fdf00  000fe126       227
  _TEMP_BUFFER
                                  000fdf00       200   data ,g         * 
  _TIMER_COUNT
                                  000fe100         4   data ,g         * 
  _TIMER1_COUNT
                                  000fe104         4   data ,g         * 
  _at_command
                                  000fe108        1e   data ,g         * 
  _buffer_Count
                                  000fe126         1   data ,g         * 
FILE=DefaultBuild\r_cg_tau_user.obj
                                  000fe128  000fe128         1
  _TCP_INIT_STATUS
                                  000fe128         1   data ,g         * 
FILE=DefaultBuild\r_cg_sau.obj
                                  000fe12a  000fe13d        14
  _gp_uart0_tx_address
                                  000fe12a         2   data ,g         * 
  _g_uart0_tx_count
                                  000fe12c         2   data ,g         * 
  _gp_uart0_rx_address
                                  000fe12e         2   data ,g         * 
  _g_uart0_rx_count
                                  000fe130         2   data ,g         * 
  _g_uart0_rx_length
                                  000fe132         2   data ,g         * 
  _gp_uart1_tx_address
                                  000fe134         2   data ,g         * 
  _g_uart1_tx_count
                                  000fe136         2   data ,g         * 
  _gp_uart1_rx_address
                                  000fe138         2   data ,g         * 
  _g_uart1_rx_count
                                  000fe13a         2   data ,g         * 
  _g_uart1_rx_length
                                  000fe13c         2   data ,g         * 
FILE=DefaultBuild\r_cg_sau_user.obj
                                  000fe13e  000fe73f       602
  _RX0_RECIEVED_STRING_LENGTH
                                  000fe13e         1   data ,g         * 
  _RX0_BUFFER
                                  000fe13f       200   data ,g         * 
  _RX1_BUFFER
                                  000fe33f       200   data ,g         * 
  _HANDLING_METER_DATA
                                  000fe53f         1   data ,g         * 
  _final_buffer
                                  000fe540       200   data ,g         * 
FILE=sprintf
                                  000fe740  000fe743         4
  __REL_pointer@1
                                  000fe740         4   data ,l         * 
FILE=_REL_print
                                  000fe744  000fe7c3        80
  _qt@1@_REL_inmod@1
                                  000fe744        80   data ,l         * 

SECTION=.dataR
FILE=DefaultBuild\r_cg_main.obj
                                  000fe7c4  000fe811        4e
  _TCP_CLOSE
                                  000fe7c4         e   data ,g         * 
  _RECIEVED
                                  000fe7d2         1   data ,g         * 
  _RECIEVED_TCP
                                  000fe7d3         1   data ,g         * 
  _COMPARE_MATCH1
                                  000fe7d4         1   data ,g         * 
  _BUF_FLAG
                                  000fe7d5         1   data ,g         * 
  _AT_COMMAND_COUNT
                                  000fe7d6         1   data ,g         * 
  _MODULE_MODE
                                  000fe7d7         1   data ,g         * 
  _TCP_DATA_PROCESSED
                                  000fe7d8         1   data ,g         * 
  _TCP_DATA
                                  000fe7d9         1   data ,g         * 
  _WAIT_COUNT
                                  000fe7da         4   data ,g         * 
  _data
                                  000fe7de        33   data ,g         * 
  _READ_RESF
                                  000fe811         1   data ,g         * 
FILE=DefaultBuild\r_cg_tau_user.obj
                                  000fe812  000fe815         4
  _DATA_RECIEVED
                                  000fe812         1   data ,g         * 
  _START_TIMER
                                  000fe814         2   data ,g         * 
FILE=DefaultBuild\r_cg_sau_user.obj
                                  000fe816  000fe821         c
  _LINE_END_COUNT
                                  000fe816         1   data ,g         * 
  _URC_COUNT
                                  000fe817         1   data ,g         * 
  _METER_DATA
                                  000fe818         1   data ,g         * 
  _RX0_BUFFER_COUNT
                                  000fe81a         2   data ,g         * 
  _TX0_BUFFER_COUNT
                                  000fe81c         1   data ,g         * 
  _RX1_BUFFER_COUNT
                                  000fe81d         1   data ,g         * 
  _TX1_BUFFER_COUNT
                                  000fe81e         1   data ,g         * 
  _MAIN_RX_STORE_COUNT
                                  000fe81f         1   data ,g         * 
  _END_OF_RESPONSE
                                  000fe820         1   data ,g         * 
  _END_OF_RESPONSE1
                                  000fe821         1   data ,g         * 
FILE=DefaultBuild\quecktel.obj
                                  000fe822  000fe8bb        9a
  _at_commands
                                  000fe822        2c   data ,g         * 
  _COMMON_RESPONSE
                                  000fe84e         6   data ,g         * 
  _EDRX_RESPONSE
                                  000fe854         4   data ,g         * 
  _NETWORK_OPERATOR_STSTUS
                                  000fe858         2   data ,g         * 
  _NETWORK_REGI_STATUS
                                  000fe85a        24   data ,g         * 
  _OPERATOR_STATUS
                                  000fe87e        3c   data ,g         * 
  _TCP_ALIVE
                                  000fe8ba         2   data ,g         * 
FILE=DefaultBuild\quecktel_users.obj
                                  000fe8bc  000fe8bd         2
  _Sting_index
                                  000fe8bc         2   data ,g         * 
FILE=DefaultBuild\csq.obj
                                  000fe8be  000feb0d       250
  _SIGNAL_QUALITY
                                  000fe8be       250   data ,g         * 

Absolute value symbols
FILE=rlink_generates_05
  __s.text
                                  00000422         0   none ,g         * 
  __e.text
                                  000006a0         0   none ,g         * 
  __s.textf
                                  000006a0         0   none ,g         * 
  __e.textf
                                  00000f6e         0   none ,g         * 
  __s.const
                                  00002000         0   none ,g         * 
  __e.const
                                  00004245         0   none ,g         * 
  __s.constf
                                  00000080         0   none ,g         * 
  __e.constf
                                  00000094         0   none ,g         * 
  __s.data
                                  000000d8         0   none ,g         * 
  __e.data
                                  00000422         0   none ,g         * 
  __s.sdata
                                  00000080         0   none ,g         * 
  __e.sdata
                                  00000080         0   none ,g         * 
  __s.bss
                                  000fdf00         0   none ,g         * 
  __e.bss
                                  000fe7c4         0   none ,g         * 
  __s.sbss
                                  000ffe20         0   none ,g         * 
  __e.sbss
                                  000ffe20         0   none ,g         * 
  __s.dataR
                                  000fe7c4         0   none ,g         * 
  __e.dataR
                                  000feb0e         0   none ,g         * 
  __s.sdataR
                                  000ffe20         0   none ,g         * 
  __e.sdataR
                                  000ffe20         0   none ,g         * 
  __s.init_array
                                  00000094         0   none ,g         * 
  __e.init_array
                                  00000094         0   none ,g         * 
  __s.RLIB
                                  000000c4         0   none ,g         * 
  __e.RLIB
                                  000000c4         0   none ,g         * 
  __s.SLIB
                                  00004245         0   none ,g         * 
  __e.SLIB
                                  00006a50         0   none ,g         * 
  __s.option_byte
                                  000000c0         0   none ,g         * 
  __e.option_byte
                                  000000c4         0   none ,g         * 
  __s.monitor1
                                  000000ce         0   none ,g         * 
  __e.monitor1
                                  000000d8         0   none ,g         * 
  __s.monitor2
                                  0001fe00         0   none ,g         * 
  __e.monitor2
                                  00020000         0   none ,g         * 
  __s.security_id
                                  000000c4         0   none ,g         * 
  __e.security_id
                                  000000ce         0   none ,g         * 
  __s.vect
                                  00000000         0   none ,g         * 
  __e.vect
                                  00000080         0   none ,g         * 
  __RAM_ADDR_START
                                  000fdf00         0   none ,g         * 
  __RAM_ADDR_END
                                  000ffee0         0   none ,g         * 
  __STACK_ADDR_START
                                  000ffe20         0   none ,g         * 
  __STACK_ADDR_END
                                  000feb0e         0   none ,g         * 

*** Unfilled Areas ***

AREA                                START    END

*** Delete Symbols ***

SYMBOL                                SIZE    INFO
